192.168.31.166 - - [19/Jul/2017:17:32:51 +0800] "POST /external/getLoginQRCode?uid=bab17cd0-d2ed-41a6-879e-996389f7cd82&authKey=C6730C3F4FFE447E4862F2E390813F69BA2710A2A662EF0C9EF3C1FE04A0A6BE19E6FE5AED33095923000A2506403558&qid=4744b50cdbb7498ebe62b31efa1181e1 HTTP/1.1" 200 158 http-bio-8080-exec-7 6
192.168.31.166 - - [19/Jul/2017:17:32:51 +0800] "POST /external/web/loginByQrCode?uid=bab17cd0-d2ed-41a6-879e-996389f7cd82&authKey=C6730C3F4FFE447E4862F2E390813F69BA2710A2A662EF0C9EF3C1FE04A0A6BE19E6FE5AED33095923000A2506403558&qid=4061627c01bd42af8c1d594dbb5d210a HTTP/1.1" 200 112 http-bio-8080-exec-8 6
192.168.31.166 - - [19/Jul/2017:17:32:54 +0800] "POST /external/web/loginByQrCode?uid=bab17cd0-d2ed-41a6-879e-996389f7cd82&authKey=C6730C3F4FFE447E4862F2E390813F69BA2710A2A662EF0C9EF3C1FE04A0A6BE19E6FE5AED33095923000A2506403558&qid=76c4a7e593d5437da7a72eb603c56274 HTTP/1.1" 200 112 http-bio-8080-exec-9 3
192.168.31.198 - - [19/Jul/2017:17:32:55 +0800] "POST /external/ticket/loginByQrCode?authKey=3D3F37957A417926F794D37461356EA859D3B58A84B83CFE2C5FAB2A0F419591A66C48B3090B08D431365B3031C7EFF3&uid=bb08d0db-b759-43ec-830b-8b10e202e228&qid=3e060114e6f342b5922a32017f05f922 HTTP/1.1" 200 114 http-bio-8080-exec-6 8
192.168.31.166 - - [19/Jul/2017:17:32:57 +0800] "POST /external/web/loginByQrCode?uid=bab17cd0-d2ed-41a6-879e-996389f7cd82&authKey=C6730C3F4FFE447E4862F2E390813F69BA2710A2A662EF0C9EF3C1FE04A0A6BE19E6FE5AED33095923000A2506403558&qid=1b9cc7bdd0074fe6854bd490368146f1 HTTP/1.1" 200 410 http-bio-8080-exec-1 31
192.168.31.166 - - [19/Jul/2017:17:32:58 +0800] "POST /external/ticket/getDoctorInfo?uid=bab17cd0-d2ed-41a6-879e-996389f7cd82&authKey=C6730C3F4FFE447E4862F2E390813F69BA2710A2A662EF0C9EF3C1FE04A0A6BE19E6FE5AED33095923000A2506403558&qid=f35e2998bf8847b195547ccdb2bbc2c4 HTTP/1.1" 200 466 http-bio-8080-exec-2 55
192.168.31.166 - - [19/Jul/2017:17:32:59 +0800] "POST /external/tlm/bindTVNum?uid=bab17cd0-d2ed-41a6-879e-996389f7cd82&authKey=C6730C3F4FFE447E4862F2E390813F69BA2710A2A662EF0C9EF3C1FE04A0A6BE19E6FE5AED33095923000A2506403558&qid=4a35f3408a624144a8c15f4b651b7731 HTTP/1.1" 200 218 http-bio-8080-exec-3 1589
192.168.31.166 - - [19/Jul/2017:17:38:28 +0800] "POST /external/tlm/listFinished?uid=bab17cd0-d2ed-41a6-879e-996389f7cd82&authKey=C6730C3F4FFE447E4862F2E390813F69BA2710A2A662EF0C9EF3C1FE04A0A6BE19E6FE5AED33095923000A2506403558&qid=82c45ea0c2f140cb98666548804ffb79 HTTP/1.1" 200 407 http-bio-8080-exec-1 317
192.168.31.166 - - [19/Jul/2017:17:38:41 +0800] "POST /external/tlm/getTeleClinics?uid=bab17cd0-d2ed-41a6-879e-996389f7cd82&authKey=C6730C3F4FFE447E4862F2E390813F69BA2710A2A662EF0C9EF3C1FE04A0A6BE19E6FE5AED33095923000A2506403558&qid=e4f0bee87f5c4203a2efcfdbd076683c HTTP/1.1" 200 1900 http-bio-8080-exec-2 166
192.168.31.166 - - [19/Jul/2017:17:38:44 +0800] "POST /external/getLoginQRCode?uid=bab17cd0-d2ed-41a6-879e-996389f7cd82&authKey=C6730C3F4FFE447E4862F2E390813F69BA2710A2A662EF0C9EF3C1FE04A0A6BE19E6FE5AED33095923000A2506403558&qid=2c4408b0093c4041ab154a5dd300f98f HTTP/1.1" 200 158 http-bio-8080-exec-3 11
192.168.31.166 - - [19/Jul/2017:17:38:44 +0800] "POST /external/web/loginByQrCode?uid=bab17cd0-d2ed-41a6-879e-996389f7cd82&authKey=C6730C3F4FFE447E4862F2E390813F69BA2710A2A662EF0C9EF3C1FE04A0A6BE19E6FE5AED33095923000A2506403558&qid=f0cef10dd6654b9384b9f70d808e1850 HTTP/1.1" 200 112 http-bio-8080-exec-4 5
192.168.31.198 - - [19/Jul/2017:17:38:45 +0800] "POST /external/loginByPwd?authKey=3D3F37957A417926F794D37461356EA859D3B58A84B83CFE2C5FAB2A0F419591A66C48B3090B08D431365B3031C7EFF3&uid=bb08d0db-b759-43ec-830b-8b10e202e228&qid=ee1a978eb5cd46c1a0816de7fe1ac570 HTTP/1.1" 200 471 http-bio-8080-exec-5 467
192.168.31.198 - - [19/Jul/2017:17:38:45 +0800] "POST /external/ticket/getDoctorInfo?authKey=3D3F37957A417926F794D37461356EA859D3B58A84B83CFE2C5FAB2A0F419591A66C48B3090B08D431365B3031C7EFF3&uid=bb08d0db-b759-43ec-830b-8b10e202e228&qid=7cedfed5a2c34497ae37ebe80cde10c7 HTTP/1.1" 200 466 http-bio-8080-exec-6 68
192.168.31.166 - - [19/Jul/2017:17:38:47 +0800] "POST /external/web/loginByQrCode?uid=bab17cd0-d2ed-41a6-879e-996389f7cd82&authKey=C6730C3F4FFE447E4862F2E390813F69BA2710A2A662EF0C9EF3C1FE04A0A6BE19E6FE5AED33095923000A2506403558&qid=651cc33986514f2f85de9d0c3aad2c00 HTTP/1.1" 200 112 http-bio-8080-exec-8 5
192.168.31.166 - - [19/Jul/2017:17:38:50 +0800] "POST /external/web/loginByQrCode?uid=bab17cd0-d2ed-41a6-879e-996389f7cd82&authKey=C6730C3F4FFE447E4862F2E390813F69BA2710A2A662EF0C9EF3C1FE04A0A6BE19E6FE5AED33095923000A2506403558&qid=beb7cc62a0e34027b1d5b2fead78b510 HTTP/1.1" 200 112 http-bio-8080-exec-9 4
192.168.31.166 - - [19/Jul/2017:17:38:54 +0800] "POST /external/web/loginByQrCode?uid=bab17cd0-d2ed-41a6-879e-996389f7cd82&authKey=C6730C3F4FFE447E4862F2E390813F69BA2710A2A662EF0C9EF3C1FE04A0A6BE19E6FE5AED33095923000A2506403558&qid=3dc9fa79527b4caf9b136a351ad89307 HTTP/1.1" 200 112 http-bio-8080-exec-10 4
192.168.31.198 - - [19/Jul/2017:17:38:54 +0800] "POST /external/ticket/loginByQrCode?authKey=3D3F37957A417926F794D37461356EA859D3B58A84B83CFE2C5FAB2A0F419591A66C48B3090B08D431365B3031C7EFF3&uid=bb08d0db-b759-43ec-830b-8b10e202e228&qid=b448fd89b0184a4796040ab754ea7137 HTTP/1.1" 200 114 http-bio-8080-exec-7 5
192.168.31.166 - - [19/Jul/2017:17:38:57 +0800] "POST /external/web/loginByQrCode?uid=bab17cd0-d2ed-41a6-879e-996389f7cd82&authKey=C6730C3F4FFE447E4862F2E390813F69BA2710A2A662EF0C9EF3C1FE04A0A6BE19E6FE5AED33095923000A2506403558&qid=d1be51a05eff42c1bf4725d268d30e5a HTTP/1.1" 200 410 http-bio-8080-exec-2 29
192.168.31.166 - - [19/Jul/2017:17:38:57 +0800] "POST /external/ticket/getDoctorInfo?uid=bab17cd0-d2ed-41a6-879e-996389f7cd82&authKey=C6730C3F4FFE447E4862F2E390813F69BA2710A2A662EF0C9EF3C1FE04A0A6BE19E6FE5AED33095923000A2506403558&qid=dec99f76d64a43d49805c1857f22e855 HTTP/1.1" 200 466 http-bio-8080-exec-3 52
192.168.31.166 - - [19/Jul/2017:17:38:57 +0800] "POST /external/tlm/bindTVNum?uid=bab17cd0-d2ed-41a6-879e-996389f7cd82&authKey=C6730C3F4FFE447E4862F2E390813F69BA2710A2A662EF0C9EF3C1FE04A0A6BE19E6FE5AED33095923000A2506403558&qid=a5eaf66ee96d4275963cc5cafcbc6579 HTTP/1.1" 200 218 http-bio-8080-exec-4 142
192.168.31.166 - - [19/Jul/2017:17:39:04 +0800] "POST /external/tlm/listFinished?uid=bab17cd0-d2ed-41a6-879e-996389f7cd82&authKey=C6730C3F4FFE447E4862F2E390813F69BA2710A2A662EF0C9EF3C1FE04A0A6BE19E6FE5AED33095923000A2506403558&qid=4ff15b1c3d084998b688fc6c5845c7ca HTTP/1.1" 200 407 http-bio-8080-exec-5 5
192.168.31.166 - - [19/Jul/2017:17:39:18 +0800] "POST /external/tlm/listFinished?uid=bab17cd0-d2ed-41a6-879e-996389f7cd82&authKey=C6730C3F4FFE447E4862F2E390813F69BA2710A2A662EF0C9EF3C1FE04A0A6BE19E6FE5AED33095923000A2506403558&qid=2c6e1fa36fee4656928706b5ad439560 HTTP/1.1" 200 407 http-bio-8080-exec-6 4
192.168.31.166 - - [19/Jul/2017:17:40:17 +0800] "POST /external/tlm/listFinished?uid=bab17cd0-d2ed-41a6-879e-996389f7cd82&authKey=C6730C3F4FFE447E4862F2E390813F69BA2710A2A662EF0C9EF3C1FE04A0A6BE19E6FE5AED33095923000A2506403558&qid=7a218788afae411bafbf8ba4b4bb3954 HTTP/1.1" 200 194 http-bio-8080-exec-1 430
192.168.31.166 - - [19/Jul/2017:17:40:36 +0800] "POST /external/tlm/listFinished?uid=bab17cd0-d2ed-41a6-879e-996389f7cd82&authKey=C6730C3F4FFE447E4862F2E390813F69BA2710A2A662EF0C9EF3C1FE04A0A6BE19E6FE5AED33095923000A2506403558&qid=0dd5416cc8f54108b73629943a01506d HTTP/1.1" 200 572 http-bio-8080-exec-2 208
192.168.31.166 - - [19/Jul/2017:17:40:39 +0800] "POST /external/tlm/getConsultationDetail?uid=bab17cd0-d2ed-41a6-879e-996389f7cd82&authKey=C6730C3F4FFE447E4862F2E390813F69BA2710A2A662EF0C9EF3C1FE04A0A6BE19E6FE5AED33095923000A2506403558&qid=6b788e3229294f5486b42c3721d50ee4 HTTP/1.1" 200 599 http-bio-8080-exec-3 253
192.168.31.166 - - [19/Jul/2017:17:40:47 +0800] "POST /external/tlm/getConsultationDetail?uid=bab17cd0-d2ed-41a6-879e-996389f7cd82&authKey=C6730C3F4FFE447E4862F2E390813F69BA2710A2A662EF0C9EF3C1FE04A0A6BE19E6FE5AED33095923000A2506403558&qid=7290d6017bf547acaeb5f88972694cea HTTP/1.1" 200 599 http-bio-8080-exec-4 221
192.168.31.166 - - [19/Jul/2017:17:40:55 +0800] "POST /external/tlm/listNews?uid=bab17cd0-d2ed-41a6-879e-996389f7cd82&authKey=C6730C3F4FFE447E4862F2E390813F69BA2710A2A662EF0C9EF3C1FE04A0A6BE19E6FE5AED33095923000A2506403558&qid=8edde161dcf04463b125b7bf1d83d36a HTTP/1.1" 200 571 http-bio-8080-exec-5 213
192.168.31.166 - - [19/Jul/2017:17:40:56 +0800] "POST /external/tlm/getConsultationDetail?uid=bab17cd0-d2ed-41a6-879e-996389f7cd82&authKey=C6730C3F4FFE447E4862F2E390813F69BA2710A2A662EF0C9EF3C1FE04A0A6BE19E6FE5AED33095923000A2506403558&qid=3ee9086b8b0547f08c924d2e7e45046b HTTP/1.1" 200 599 http-bio-8080-exec-6 219
192.168.31.198 - - [19/Jul/2017:17:42:17 +0800] "POST /external/loginByPwd?authKey=3D3F37957A417926F794D37461356EA859D3B58A84B83CFE2C5FAB2A0F419591A66C48B3090B08D431365B3031C7EFF3&uid=bb08d0db-b759-43ec-830b-8b10e202e228&qid=f6f677c7f9b84e16b5b7281904a36dbb HTTP/1.1" 200 471 http-bio-8080-exec-7 462
192.168.31.198 - - [19/Jul/2017:17:42:17 +0800] "POST /external/ticket/getDoctorInfo?authKey=3D3F37957A417926F794D37461356EA859D3B58A84B83CFE2C5FAB2A0F419591A66C48B3090B08D431365B3031C7EFF3&uid=bb08d0db-b759-43ec-830b-8b10e202e228&qid=aa81aacf09eb45339c7886f1da54c1fe HTTP/1.1" 200 466 http-bio-8080-exec-8 70
192.168.31.166 - - [19/Jul/2017:17:42:19 +0800] "POST /external/tlm/getTeleClinics?uid=bab17cd0-d2ed-41a6-879e-996389f7cd82&authKey=C6730C3F4FFE447E4862F2E390813F69BA2710A2A662EF0C9EF3C1FE04A0A6BE19E6FE5AED33095923000A2506403558&qid=569d83a2e7fc4820b8bd4c6babcab4e9 HTTP/1.1" 200 1900 http-bio-8080-exec-10 75
192.168.31.166 - - [19/Jul/2017:17:42:22 +0800] "POST /external/getLoginQRCode?uid=bab17cd0-d2ed-41a6-879e-996389f7cd82&authKey=C6730C3F4FFE447E4862F2E390813F69BA2710A2A662EF0C9EF3C1FE04A0A6BE19E6FE5AED33095923000A2506403558&qid=5fb5b2ed5b454a5a9593b76c7db8a9aa HTTP/1.1" 200 158 http-bio-8080-exec-1 7
192.168.31.166 - - [19/Jul/2017:17:42:23 +0800] "POST /external/web/loginByQrCode?uid=bab17cd0-d2ed-41a6-879e-996389f7cd82&authKey=C6730C3F4FFE447E4862F2E390813F69BA2710A2A662EF0C9EF3C1FE04A0A6BE19E6FE5AED33095923000A2506403558&qid=7b46633914074887b4ff218fc6910d6a HTTP/1.1" 200 112 http-bio-8080-exec-2 5
192.168.31.166 - - [19/Jul/2017:17:42:26 +0800] "POST /external/web/loginByQrCode?uid=bab17cd0-d2ed-41a6-879e-996389f7cd82&authKey=C6730C3F4FFE447E4862F2E390813F69BA2710A2A662EF0C9EF3C1FE04A0A6BE19E6FE5AED33095923000A2506403558&qid=f7633b62714a461ba97327fc863b7a29 HTTP/1.1" 200 112 http-bio-8080-exec-3 4
192.168.31.198 - - [19/Jul/2017:17:42:28 +0800] "POST /external/ticket/loginByQrCode?authKey=3D3F37957A417926F794D37461356EA859D3B58A84B83CFE2C5FAB2A0F419591A66C48B3090B08D431365B3031C7EFF3&uid=bb08d0db-b759-43ec-830b-8b10e202e228&qid=6f25e8db11b54a72a37ba5051499c869 HTTP/1.1" 200 114 http-bio-8080-exec-9 5
192.168.31.166 - - [19/Jul/2017:17:42:29 +0800] "POST /external/web/loginByQrCode?uid=bab17cd0-d2ed-41a6-879e-996389f7cd82&authKey=C6730C3F4FFE447E4862F2E390813F69BA2710A2A662EF0C9EF3C1FE04A0A6BE19E6FE5AED33095923000A2506403558&qid=d1a49f139b00406e861f492fbed53a83 HTTP/1.1" 200 410 http-bio-8080-exec-5 30
192.168.31.166 - - [19/Jul/2017:17:42:29 +0800] "POST /external/ticket/getDoctorInfo?uid=bab17cd0-d2ed-41a6-879e-996389f7cd82&authKey=C6730C3F4FFE447E4862F2E390813F69BA2710A2A662EF0C9EF3C1FE04A0A6BE19E6FE5AED33095923000A2506403558&qid=091e75c7028d4e1ead0d658ca652c812 HTTP/1.1" 200 466 http-bio-8080-exec-6 53
192.168.31.166 - - [19/Jul/2017:17:42:29 +0800] "POST /external/tlm/bindTVNum?uid=bab17cd0-d2ed-41a6-879e-996389f7cd82&authKey=C6730C3F4FFE447E4862F2E390813F69BA2710A2A662EF0C9EF3C1FE04A0A6BE19E6FE5AED33095923000A2506403558&qid=2ebf807b86d84310a64170dd772ab7fa HTTP/1.1" 200 218 http-bio-8080-exec-7 134
192.168.31.198 - - [19/Jul/2017:17:42:41 +0800] "POST /external/tlm/getContactsList?authKey=3D3F37957A417926F794D37461356EA859D3B58A84B83CFE2C5FAB2A0F419591A66C48B3090B08D431365B3031C7EFF3&uid=bb08d0db-b759-43ec-830b-8b10e202e228&qid=f56de9a2ae3942ba9b0d3b1c0d0191b1 HTTP/1.1" 200 1032 http-bio-8080-exec-9 208
192.168.31.198 - - [19/Jul/2017:17:42:54 +0800] "POST /external/loginByPwd?authKey=3D3F37957A417926F794D37461356EA859D3B58A84B83CFE2C5FAB2A0F419591A66C48B3090B08D431365B3031C7EFF3&uid=bb08d0db-b759-43ec-830b-8b10e202e228&qid=09eac1594636488aada90d839ff122e3 HTTP/1.1" 200 469 http-bio-8080-exec-9 384
192.168.31.198 - - [19/Jul/2017:17:42:54 +0800] "POST /external/ticket/getDoctorInfo?authKey=3D3F37957A417926F794D37461356EA859D3B58A84B83CFE2C5FAB2A0F419591A66C48B3090B08D431365B3031C7EFF3&uid=bb08d0db-b759-43ec-830b-8b10e202e228&qid=8de08473a0e44d28a088bd27ed921997 HTTP/1.1" 200 464 http-bio-8080-exec-9 54
192.168.31.198 - - [19/Jul/2017:17:42:55 +0800] "POST /external/tlm/getContactsList?authKey=3D3F37957A417926F794D37461356EA859D3B58A84B83CFE2C5FAB2A0F419591A66C48B3090B08D431365B3031C7EFF3&uid=bb08d0db-b759-43ec-830b-8b10e202e228&qid=c707d3c52d1f4cc796cb26a50c2d506f HTTP/1.1" 200 577 http-bio-8080-exec-9 103
192.168.31.198 - - [19/Jul/2017:17:42:56 +0800] "POST /external/tlm/getDoctorInfo?authKey=3D3F37957A417926F794D37461356EA859D3B58A84B83CFE2C5FAB2A0F419591A66C48B3090B08D431365B3031C7EFF3&uid=bb08d0db-b759-43ec-830b-8b10e202e228&qid=149c7b1a05bf46898e6f2c82981840ca HTTP/1.1" 200 1048 http-bio-8080-exec-9 34
192.168.31.166 - - [19/Jul/2017:17:45:48 +0800] "POST /external/tlm/unbindNum?uid=bab17cd0-d2ed-41a6-879e-996389f7cd82&authKey=C6730C3F4FFE447E4862F2E390813F69BA2710A2A662EF0C9EF3C1FE04A0A6BE19E6FE5AED33095923000A2506403558&qid=c26cfcf9fee54df89f0642444d7aa18d HTTP/1.1" 200 140 http-bio-8080-exec-4 125
192.168.31.166 - - [19/Jul/2017:17:45:59 +0800] "POST /external/tlm/getTeleClinics?uid=bab17cd0-d2ed-41a6-879e-996389f7cd82&authKey=C6730C3F4FFE447E4862F2E390813F69BA2710A2A662EF0C9EF3C1FE04A0A6BE19E6FE5AED33095923000A2506403558&qid=a43a0086fbde498ab121f6601c3cc604 HTTP/1.1" 200 1900 http-bio-8080-exec-5 53
192.168.31.166 - - [19/Jul/2017:17:46:07 +0800] "POST /external/tlm/getTeleClinics?uid=bab17cd0-d2ed-41a6-879e-996389f7cd82&authKey=C6730C3F4FFE447E4862F2E390813F69BA2710A2A662EF0C9EF3C1FE04A0A6BE19E6FE5AED33095923000A2506403558&qid=4333828637b04a15844ee39bee2c7a5a HTTP/1.1" 200 1900 http-bio-8080-exec-7 39
192.168.31.166 - - [19/Jul/2017:17:46:10 +0800] "POST /external/getLoginQRCode?uid=bab17cd0-d2ed-41a6-879e-996389f7cd82&authKey=C6730C3F4FFE447E4862F2E390813F69BA2710A2A662EF0C9EF3C1FE04A0A6BE19E6FE5AED33095923000A2506403558&qid=ad20e19fa57348768e1b51d9865ce826 HTTP/1.1" 200 158 http-bio-8080-exec-8 4
192.168.31.166 - - [19/Jul/2017:17:46:11 +0800] "POST /external/web/loginByQrCode?uid=bab17cd0-d2ed-41a6-879e-996389f7cd82&authKey=C6730C3F4FFE447E4862F2E390813F69BA2710A2A662EF0C9EF3C1FE04A0A6BE19E6FE5AED33095923000A2506403558&qid=b8c8e40c3d1b4008ac565460dba423a3 HTTP/1.1" 200 112 http-bio-8080-exec-10 3
192.168.31.166 - - [19/Jul/2017:17:46:14 +0800] "POST /external/web/loginByQrCode?uid=bab17cd0-d2ed-41a6-879e-996389f7cd82&authKey=C6730C3F4FFE447E4862F2E390813F69BA2710A2A662EF0C9EF3C1FE04A0A6BE19E6FE5AED33095923000A2506403558&qid=1e60f65c821348b993ebe86a20c0c2a0 HTTP/1.1" 200 112 http-bio-8080-exec-1 3
192.168.31.166 - - [19/Jul/2017:17:46:17 +0800] "POST /external/web/loginByQrCode?uid=bab17cd0-d2ed-41a6-879e-996389f7cd82&authKey=C6730C3F4FFE447E4862F2E390813F69BA2710A2A662EF0C9EF3C1FE04A0A6BE19E6FE5AED33095923000A2506403558&qid=63e56b8af290475ba32441f67a754b86 HTTP/1.1" 200 112 http-bio-8080-exec-2 3
192.168.31.166 - - [19/Jul/2017:17:46:20 +0800] "POST /external/web/loginByQrCode?uid=bab17cd0-d2ed-41a6-879e-996389f7cd82&authKey=C6730C3F4FFE447E4862F2E390813F69BA2710A2A662EF0C9EF3C1FE04A0A6BE19E6FE5AED33095923000A2506403558&qid=ac528e868230477697bca17a9f760e90 HTTP/1.1" 200 112 http-bio-8080-exec-3 3
192.168.31.166 - - [19/Jul/2017:17:46:23 +0800] "POST /external/web/loginByQrCode?uid=bab17cd0-d2ed-41a6-879e-996389f7cd82&authKey=C6730C3F4FFE447E4862F2E390813F69BA2710A2A662EF0C9EF3C1FE04A0A6BE19E6FE5AED33095923000A2506403558&qid=694fc1ccc5db4cefa15c5150e78722db HTTP/1.1" 200 112 http-bio-8080-exec-9 3
192.168.31.198 - - [19/Jul/2017:17:46:25 +0800] "POST /external/ticket/loginByQrCode?authKey=3D3F37957A417926F794D37461356EA859D3B58A84B83CFE2C5FAB2A0F419591A66C48B3090B08D431365B3031C7EFF3&uid=bb08d0db-b759-43ec-830b-8b10e202e228&qid=8c6c6198da424fa797d49c7e5f0ab56c HTTP/1.1" 200 114 http-bio-8080-exec-4 3
192.168.31.166 - - [19/Jul/2017:17:46:26 +0800] "POST /external/web/loginByQrCode?uid=bab17cd0-d2ed-41a6-879e-996389f7cd82&authKey=C6730C3F4FFE447E4862F2E390813F69BA2710A2A662EF0C9EF3C1FE04A0A6BE19E6FE5AED33095923000A2506403558&qid=16512075e97c42b3b5ccc18554287309 HTTP/1.1" 200 408 http-bio-8080-exec-6 28
192.168.31.166 - - [19/Jul/2017:17:46:26 +0800] "POST /external/ticket/getDoctorInfo?uid=bab17cd0-d2ed-41a6-879e-996389f7cd82&authKey=C6730C3F4FFE447E4862F2E390813F69BA2710A2A662EF0C9EF3C1FE04A0A6BE19E6FE5AED33095923000A2506403558&qid=397e4cee320a4ef68dd5021697bca4f4 HTTP/1.1" 200 464 http-bio-8080-exec-7 52
192.168.31.166 - - [19/Jul/2017:17:46:26 +0800] "POST /external/tlm/bindTVNum?uid=bab17cd0-d2ed-41a6-879e-996389f7cd82&authKey=C6730C3F4FFE447E4862F2E390813F69BA2710A2A662EF0C9EF3C1FE04A0A6BE19E6FE5AED33095923000A2506403558&qid=3b2066735bed466fb833bf26ac30a258 HTTP/1.1" 200 218 http-bio-8080-exec-8 116
192.168.31.166 - - [19/Jul/2017:17:46:26 +0800] "POST /external/tlm/numHeartbeat?uid=bab17cd0-d2ed-41a6-879e-996389f7cd82&authKey=C6730C3F4FFE447E4862F2E390813F69BA2710A2A662EF0C9EF3C1FE04A0A6BE19E6FE5AED33095923000A2506403558&qid=02d90756eb6848ecae6e3d4398e49902 HTTP/1.1" 200 114 http-bio-8080-exec-10 4
192.168.31.166 - - [19/Jul/2017:17:46:26 +0800] "POST /external/tlm/getNewNotice?uid=bab17cd0-d2ed-41a6-879e-996389f7cd82&authKey=C6730C3F4FFE447E4862F2E390813F69BA2710A2A662EF0C9EF3C1FE04A0A6BE19E6FE5AED33095923000A2506403558&qid=91578ee537e049f7b084e186e162d6ff HTTP/1.1" 200 126 http-bio-8080-exec-1 36
192.168.31.166 - - [19/Jul/2017:17:46:36 +0800] "POST /external/tlm/numHeartbeat?uid=bab17cd0-d2ed-41a6-879e-996389f7cd82&authKey=C6730C3F4FFE447E4862F2E390813F69BA2710A2A662EF0C9EF3C1FE04A0A6BE19E6FE5AED33095923000A2506403558&qid=e7cd4d3b16da43d495efb497a4067d15 HTTP/1.1" 200 114 http-bio-8080-exec-3 5
192.168.31.166 - - [19/Jul/2017:17:46:36 +0800] "POST /external/tlm/getNewNotice?uid=bab17cd0-d2ed-41a6-879e-996389f7cd82&authKey=C6730C3F4FFE447E4862F2E390813F69BA2710A2A662EF0C9EF3C1FE04A0A6BE19E6FE5AED33095923000A2506403558&qid=f2fefefce6694dd8b30931b4948657e5 HTTP/1.1" 200 126 http-bio-8080-exec-2 27
192.168.31.198 - - [19/Jul/2017:17:46:38 +0800] "POST /external/loginByPwd?authKey=3D3F37957A417926F794D37461356EA859D3B58A84B83CFE2C5FAB2A0F419591A66C48B3090B08D431365B3031C7EFF3&uid=bb08d0db-b759-43ec-830b-8b10e202e228&qid=41b56d80e25b437a9196d23989069d5f HTTP/1.1" 200 471 http-bio-8080-exec-4 415
192.168.31.198 - - [19/Jul/2017:17:46:38 +0800] "POST /external/ticket/getDoctorInfo?authKey=3D3F37957A417926F794D37461356EA859D3B58A84B83CFE2C5FAB2A0F419591A66C48B3090B08D431365B3031C7EFF3&uid=bb08d0db-b759-43ec-830b-8b10e202e228&qid=d141d66a18344563ae24e31b445a8113 HTTP/1.1" 200 466 http-bio-8080-exec-4 48
192.168.31.198 - - [19/Jul/2017:17:46:40 +0800] "POST /external/tlm/getContactsList?authKey=3D3F37957A417926F794D37461356EA859D3B58A84B83CFE2C5FAB2A0F419591A66C48B3090B08D431365B3031C7EFF3&uid=bb08d0db-b759-43ec-830b-8b10e202e228&qid=d64de6ddd2a144dc9009c326060482cd HTTP/1.1" 200 1032 http-bio-8080-exec-5 177
192.168.31.198 - - [19/Jul/2017:17:46:41 +0800] "POST /external/tlm/getDoctorInfo?authKey=3D3F37957A417926F794D37461356EA859D3B58A84B83CFE2C5FAB2A0F419591A66C48B3090B08D431365B3031C7EFF3&uid=bb08d0db-b759-43ec-830b-8b10e202e228&qid=0d83b20867df481a845c484ca7fe7423 HTTP/1.1" 200 459 http-bio-8080-exec-5 28
192.168.31.166 - - [19/Jul/2017:17:46:46 +0800] "POST /external/tlm/numHeartbeat?uid=bab17cd0-d2ed-41a6-879e-996389f7cd82&authKey=C6730C3F4FFE447E4862F2E390813F69BA2710A2A662EF0C9EF3C1FE04A0A6BE19E6FE5AED33095923000A2506403558&qid=8abf4a5f07554a78b4ae2e457ed355ea HTTP/1.1" 200 114 http-bio-8080-exec-10 3
192.168.31.166 - - [19/Jul/2017:17:46:46 +0800] "POST /external/tlm/getNewNotice?uid=bab17cd0-d2ed-41a6-879e-996389f7cd82&authKey=C6730C3F4FFE447E4862F2E390813F69BA2710A2A662EF0C9EF3C1FE04A0A6BE19E6FE5AED33095923000A2506403558&qid=909243515b404d5ea63835a2cc8769ce HTTP/1.1" 200 126 http-bio-8080-exec-8 26
192.168.31.166 - - [19/Jul/2017:17:46:56 +0800] "POST /external/tlm/numHeartbeat?uid=bab17cd0-d2ed-41a6-879e-996389f7cd82&authKey=C6730C3F4FFE447E4862F2E390813F69BA2710A2A662EF0C9EF3C1FE04A0A6BE19E6FE5AED33095923000A2506403558&qid=4d8ba378cd1b42df861084d503c66d9a HTTP/1.1" 200 114 http-bio-8080-exec-3 3
192.168.31.166 - - [19/Jul/2017:17:46:56 +0800] "POST /external/tlm/getNewNotice?uid=bab17cd0-d2ed-41a6-879e-996389f7cd82&authKey=C6730C3F4FFE447E4862F2E390813F69BA2710A2A662EF0C9EF3C1FE04A0A6BE19E6FE5AED33095923000A2506403558&qid=68ce139044b8415fbf5f826b7ce128a3 HTTP/1.1" 200 126 http-bio-8080-exec-1 26
192.168.31.166 - - [19/Jul/2017:17:47:06 +0800] "POST /external/tlm/numHeartbeat?uid=bab17cd0-d2ed-41a6-879e-996389f7cd82&authKey=C6730C3F4FFE447E4862F2E390813F69BA2710A2A662EF0C9EF3C1FE04A0A6BE19E6FE5AED33095923000A2506403558&qid=79d98c1ddca2466aa0bdb2b0ba23ce77 HTTP/1.1" 200 114 http-bio-8080-exec-9 5
192.168.31.166 - - [19/Jul/2017:17:47:06 +0800] "POST /external/tlm/getNewNotice?uid=bab17cd0-d2ed-41a6-879e-996389f7cd82&authKey=C6730C3F4FFE447E4862F2E390813F69BA2710A2A662EF0C9EF3C1FE04A0A6BE19E6FE5AED33095923000A2506403558&qid=56b8fcd200f74a96af217be144e97f46 HTTP/1.1" 200 126 http-bio-8080-exec-2 28
192.168.31.198 - - [19/Jul/2017:17:47:15 +0800] "POST /external/tlm/applyConsultation?authKey=3D3F37957A417926F794D37461356EA859D3B58A84B83CFE2C5FAB2A0F419591A66C48B3090B08D431365B3031C7EFF3&uid=bb08d0db-b759-43ec-830b-8b10e202e228&qid=afbcf4609a1c4c73a476e7922f938497 HTTP/1.1" 200 212 http-bio-8080-exec-5 996
192.168.31.166 - - [19/Jul/2017:17:47:16 +0800] "POST /external/tlm/numHeartbeat?uid=bab17cd0-d2ed-41a6-879e-996389f7cd82&authKey=C6730C3F4FFE447E4862F2E390813F69BA2710A2A662EF0C9EF3C1FE04A0A6BE19E6FE5AED33095923000A2506403558&qid=53761c73274b4345bea0fbdb324e81c7 HTTP/1.1" 200 114 http-bio-8080-exec-7 3
192.168.31.166 - - [19/Jul/2017:17:47:16 +0800] "POST /external/tlm/getNewNotice?uid=bab17cd0-d2ed-41a6-879e-996389f7cd82&authKey=C6730C3F4FFE447E4862F2E390813F69BA2710A2A662EF0C9EF3C1FE04A0A6BE19E6FE5AED33095923000A2506403558&qid=c5b902d5f46e4991805331f6fb0d93ec HTTP/1.1" 200 126 http-bio-8080-exec-6 29
192.168.31.166 - - [19/Jul/2017:17:47:23 +0800] "POST /external/tlm/listNews?uid=bab17cd0-d2ed-41a6-879e-996389f7cd82&authKey=C6730C3F4FFE447E4862F2E390813F69BA2710A2A662EF0C9EF3C1FE04A0A6BE19E6FE5AED33095923000A2506403558&qid=4a62d67a02c54097933721923856da66 HTTP/1.1" 200 571 http-bio-8080-exec-10 98
192.168.31.166 - - [19/Jul/2017:17:47:25 +0800] "POST /external/tlm/getConsultationDetail?uid=bab17cd0-d2ed-41a6-879e-996389f7cd82&authKey=C6730C3F4FFE447E4862F2E390813F69BA2710A2A662EF0C9EF3C1FE04A0A6BE19E6FE5AED33095923000A2506403558&qid=8c50de31ed744cb2abd6245c459b5559 HTTP/1.1" 200 599 http-bio-8080-exec-8 163
