0:0:0:0:0:0:0:1 - - [19/Jul/2017:15:00:47 +0800] "GET / HTTP/1.1" 200 1316 http-bio-8080-exec-1 168
0:0:0:0:0:0:0:1 - - [19/Jul/2017:15:00:47 +0800] "GET /bg_01.jpg HTTP/1.1" 200 791589 http-bio-8080-exec-2 13
0:0:0:0:0:0:0:1 - - [19/Jul/2017:15:00:48 +0800] "GET /favicon.ico HTTP/1.1" 404 973 http-bio-8080-exec-3 10
192.168.31.128 - - [19/Jul/2017:15:01:33 +0800] "POST /external/loginByPwd HTTP/1.1" 200 471 http-bio-8080-exec-5 1261
192.168.31.166 - - [19/Jul/2017:15:06:14 +0800] "POST /external/tlm/getTeleClinics?uid=bab17cd0-d2ed-41a6-879e-996389f7cd82&authKey=C6730C3F4FFE447E4862F2E390813F69BA2710A2A662EF0C9EF3C1FE04A0A6BE19E6FE5AED33095923000A2506403558&qid=43b79a91641a44ed9df0941fcd4db850 HTTP/1.1" 200 1900 http-bio-8080-exec-6 107
192.168.31.198 - - [19/Jul/2017:15:06:30 +0800] "POST /external/loginByPwd?authKey=3D3F37957A417926F794D37461356EA859D3B58A84B83CFE2C5FAB2A0F419591A66C48B3090B08D431365B3031C7EFF3&uid=bb08d0db-b759-43ec-830b-8b10e202e228&qid=242e8e7b72c5408695fc0e3fd26d4209 HTTP/1.1" 200 471 http-bio-8080-exec-7 487
192.168.31.198 - - [19/Jul/2017:15:06:31 +0800] "POST /external/ticket/getDoctorInfo?authKey=3D3F37957A417926F794D37461356EA859D3B58A84B83CFE2C5FAB2A0F419591A66C48B3090B08D431365B3031C7EFF3&uid=bb08d0db-b759-43ec-830b-8b10e202e228&qid=758050e83b42481f9bd2a40d2f68dd3e HTTP/1.1" 200 466 http-bio-8080-exec-8 82
192.168.31.166 - - [19/Jul/2017:15:06:32 +0800] "POST /external/tlm/getTeleClinics?uid=bab17cd0-d2ed-41a6-879e-996389f7cd82&authKey=C6730C3F4FFE447E4862F2E390813F69BA2710A2A662EF0C9EF3C1FE04A0A6BE19E6FE5AED33095923000A2506403558&qid=b69f263fbb5e40598a7072bf7be317b9 HTTP/1.1" 200 1900 http-bio-8080-exec-10 64
192.168.31.198 - - [19/Jul/2017:15:06:33 +0800] "POST /external/tlm/listNews?authKey=3D3F37957A417926F794D37461356EA859D3B58A84B83CFE2C5FAB2A0F419591A66C48B3090B08D431365B3031C7EFF3&uid=bb08d0db-b759-43ec-830b-8b10e202e228&qid=327e6ffbacfd42da9ed2b84378c6ddff HTTP/1.1" 200 192 http-bio-8080-exec-9 159
192.168.31.198 - - [19/Jul/2017:15:06:34 +0800] "POST /external/tlm/listFinished?authKey=3D3F37957A417926F794D37461356EA859D3B58A84B83CFE2C5FAB2A0F419591A66C48B3090B08D431365B3031C7EFF3&uid=bb08d0db-b759-43ec-830b-8b10e202e228&qid=7a98a6dfd99845b7bc8c7ac252b72db1 HTTP/1.1" 200 192 http-bio-8080-exec-9 193
192.168.31.166 - - [19/Jul/2017:15:06:36 +0800] "POST /external/getLoginQRCode?uid=bab17cd0-d2ed-41a6-879e-996389f7cd82&authKey=C6730C3F4FFE447E4862F2E390813F69BA2710A2A662EF0C9EF3C1FE04A0A6BE19E6FE5AED33095923000A2506403558&qid=b9774db2a561496187e1239bd227191f HTTP/1.1" 404 997 http-bio-8080-exec-3 9
192.168.31.198 - - [19/Jul/2017:15:06:40 +0800] "POST /external/tlm/getContactsList?authKey=3D3F37957A417926F794D37461356EA859D3B58A84B83CFE2C5FAB2A0F419591A66C48B3090B08D431365B3031C7EFF3&uid=bb08d0db-b759-43ec-830b-8b10e202e228&qid=4791d2e074324189a58912591c03143b HTTP/1.1" 200 1032 http-bio-8080-exec-2 226
192.168.31.198 - - [19/Jul/2017:15:06:45 +0800] "POST /external/tlm/getDoctorInfo?authKey=3D3F37957A417926F794D37461356EA859D3B58A84B83CFE2C5FAB2A0F419591A66C48B3090B08D431365B3031C7EFF3&uid=bb08d0db-b759-43ec-830b-8b10e202e228&qid=c8c5d4fdcc5c4d7ba69b421f15991641 HTTP/1.1" 200 949 http-bio-8080-exec-2 35
192.168.31.198 - - [19/Jul/2017:15:06:52 +0800] "POST /external/tlm/getTeleClinics?authKey=3D3F37957A417926F794D37461356EA859D3B58A84B83CFE2C5FAB2A0F419591A66C48B3090B08D431365B3031C7EFF3&uid=bb08d0db-b759-43ec-830b-8b10e202e228&qid=ff3cf2b5970f475a93b6d0e2e59e6d49 HTTP/1.1" 200 1900 http-bio-8080-exec-4 56
192.168.31.198 - - [19/Jul/2017:15:06:54 +0800] "POST /external/tlm/getDoctors?authKey=3D3F37957A417926F794D37461356EA859D3B58A84B83CFE2C5FAB2A0F419591A66C48B3090B08D431365B3031C7EFF3&uid=bb08d0db-b759-43ec-830b-8b10e202e228&qid=07f0a738cada4d8b98f7d24506d03634 HTTP/1.1" 200 1297 http-bio-8080-exec-4 128
192.168.31.198 - - [19/Jul/2017:15:06:55 +0800] "POST /external/tlm/getDoctorInfo?authKey=3D3F37957A417926F794D37461356EA859D3B58A84B83CFE2C5FAB2A0F419591A66C48B3090B08D431365B3031C7EFF3&uid=bb08d0db-b759-43ec-830b-8b10e202e228&qid=6189b5789a0b4c278cbaeecd99a4f715 HTTP/1.1" 200 1048 http-bio-8080-exec-4 29
192.168.31.198 - - [19/Jul/2017:15:06:57 +0800] "POST /external/tlm/getDoctorInfo?authKey=3D3F37957A417926F794D37461356EA859D3B58A84B83CFE2C5FAB2A0F419591A66C48B3090B08D431365B3031C7EFF3&uid=bb08d0db-b759-43ec-830b-8b10e202e228&qid=f70a654409dd4dc8ae3242651a8e03ee HTTP/1.1" 200 949 http-bio-8080-exec-4 30
192.168.31.166 - - [19/Jul/2017:15:09:19 +0800] "POST /external/tlm/getTeleClinics?uid=bab17cd0-d2ed-41a6-879e-996389f7cd82&authKey=C6730C3F4FFE447E4862F2E390813F69BA2710A2A662EF0C9EF3C1FE04A0A6BE19E6FE5AED33095923000A2506403558&qid=97baa2fa6ca242f2ae6050a203a470a3 HTTP/1.1" 200 1900 http-bio-8080-exec-1 427
192.168.31.166 - - [19/Jul/2017:15:09:22 +0800] "POST /external/getLoginQRCode?uid=bab17cd0-d2ed-41a6-879e-996389f7cd82&authKey=C6730C3F4FFE447E4862F2E390813F69BA2710A2A662EF0C9EF3C1FE04A0A6BE19E6FE5AED33095923000A2506403558&qid=bae900d061cb4bb0bba89a7525a40b4d HTTP/1.1" 200 144 http-bio-8080-exec-2 11
192.168.31.166 - - [19/Jul/2017:15:14:10 +0800] "POST /external/tlm/getTeleClinics?uid=bab17cd0-d2ed-41a6-879e-996389f7cd82&authKey=C6730C3F4FFE447E4862F2E390813F69BA2710A2A662EF0C9EF3C1FE04A0A6BE19E6FE5AED33095923000A2506403558&qid=86ae3acabfe14b5d925bf375e521c6a9 HTTP/1.1" 200 1900 http-bio-8080-exec-1 416
192.168.31.166 - - [19/Jul/2017:15:14:13 +0800] "POST /external/getLoginQRCode?uid=bab17cd0-d2ed-41a6-879e-996389f7cd82&authKey=C6730C3F4FFE447E4862F2E390813F69BA2710A2A662EF0C9EF3C1FE04A0A6BE19E6FE5AED33095923000A2506403558&qid=3819c02212434a5b91bcf3236efe188f HTTP/1.1" 200 112 http-bio-8080-exec-2 5
192.168.31.166 - - [19/Jul/2017:15:14:20 +0800] "POST /external/tlm/getTeleClinics?uid=bab17cd0-d2ed-41a6-879e-996389f7cd82&authKey=C6730C3F4FFE447E4862F2E390813F69BA2710A2A662EF0C9EF3C1FE04A0A6BE19E6FE5AED33095923000A2506403558&qid=cb28c9e342604217b684d709e8bbf8ce HTTP/1.1" 200 1900 http-bio-8080-exec-3 71
192.168.31.166 - - [19/Jul/2017:15:14:23 +0800] "POST /external/getLoginQRCode?uid=bab17cd0-d2ed-41a6-879e-996389f7cd82&authKey=C6730C3F4FFE447E4862F2E390813F69BA2710A2A662EF0C9EF3C1FE04A0A6BE19E6FE5AED33095923000A2506403558&qid=6ba68bf191784cf39c70c362a475fba9 HTTP/1.1" 200 112 http-bio-8080-exec-4 5
192.168.31.166 - - [19/Jul/2017:15:14:53 +0800] "POST /external/tlm/getTeleClinics?uid=bab17cd0-d2ed-41a6-879e-996389f7cd82&authKey=C6730C3F4FFE447E4862F2E390813F69BA2710A2A662EF0C9EF3C1FE04A0A6BE19E6FE5AED33095923000A2506403558&qid=58f9d4ad57404156b8990bf2ff08785a HTTP/1.1" 200 1900 http-bio-8080-exec-5 70
192.168.31.198 - - [19/Jul/2017:15:15:08 +0800] "POST /external/loginByPwd?authKey=3D3F37957A417926F794D37461356EA859D3B58A84B83CFE2C5FAB2A0F419591A66C48B3090B08D431365B3031C7EFF3&uid=bb08d0db-b759-43ec-830b-8b10e202e228&qid=cd6392a6c0bc4984b0aedaae28386c01 HTTP/1.1" 200 471 http-bio-8080-exec-6 577
192.168.31.198 - - [19/Jul/2017:15:15:09 +0800] "POST /external/ticket/getDoctorInfo?authKey=3D3F37957A417926F794D37461356EA859D3B58A84B83CFE2C5FAB2A0F419591A66C48B3090B08D431365B3031C7EFF3&uid=bb08d0db-b759-43ec-830b-8b10e202e228&qid=6cf13eb366254d40b20e759855357c8a HTTP/1.1" 200 466 http-bio-8080-exec-7 86
192.168.31.166 - - [19/Jul/2017:15:15:10 +0800] "POST /external/getLoginQRCode?uid=bab17cd0-d2ed-41a6-879e-996389f7cd82&authKey=C6730C3F4FFE447E4862F2E390813F69BA2710A2A662EF0C9EF3C1FE04A0A6BE19E6FE5AED33095923000A2506403558&qid=b361f0dae10b48f3a721eb5f5836b3dd HTTP/1.1" 200 112 http-bio-8080-exec-9 4
192.168.31.198 - - [19/Jul/2017:15:15:11 +0800] "POST /external/tlm/getContactsList?authKey=3D3F37957A417926F794D37461356EA859D3B58A84B83CFE2C5FAB2A0F419591A66C48B3090B08D431365B3031C7EFF3&uid=bb08d0db-b759-43ec-830b-8b10e202e228&qid=454759791c69442a959d495e2aa53407 HTTP/1.1" 200 1032 http-bio-8080-exec-8 265
192.168.31.233 - - [19/Jul/2017:15:16:29 +0800] "POST /external/getLoginQRCode HTTP/1.1" 200 112 http-bio-8080-exec-1 5
192.168.31.233 - - [19/Jul/2017:15:16:45 +0800] "POST /external/getLoginQRCode HTTP/1.1" 200 112 http-bio-8080-exec-1 4
192.168.31.166 - - [19/Jul/2017:15:18:27 +0800] "POST /external/tlm/getTeleClinics?uid=bab17cd0-d2ed-41a6-879e-996389f7cd82&authKey=C6730C3F4FFE447E4862F2E390813F69BA2710A2A662EF0C9EF3C1FE04A0A6BE19E6FE5AED33095923000A2506403558&qid=457109e794854781a02ad877c007d192 HTTP/1.1" 200 1900 http-bio-8080-exec-1 426
192.168.31.233 - - [19/Jul/2017:15:18:31 +0800] "POST /external/getLoginQRCode HTTP/1.1" 200 188 http-bio-8080-exec-3 15
192.168.31.166 - - [19/Jul/2017:15:18:31 +0800] "POST /external/getLoginQRCode?uid=bab17cd0-d2ed-41a6-879e-996389f7cd82&authKey=C6730C3F4FFE447E4862F2E390813F69BA2710A2A662EF0C9EF3C1FE04A0A6BE19E6FE5AED33095923000A2506403558&qid=53b7efe5882846e7a6d4bc7866f80e58 HTTP/1.1" 200 188 http-bio-8080-exec-2 15
192.168.31.166 - - [19/Jul/2017:15:18:59 +0800] "POST /external/tlm/getTeleClinics?uid=bab17cd0-d2ed-41a6-879e-996389f7cd82&authKey=C6730C3F4FFE447E4862F2E390813F69BA2710A2A662EF0C9EF3C1FE04A0A6BE19E6FE5AED33095923000A2506403558&qid=6ecc146615b54b8d9bc39c94fcc5dc4a HTTP/1.1" 200 1900 http-bio-8080-exec-5 79
192.168.31.166 - - [19/Jul/2017:15:19:09 +0800] "POST /external/getLoginQRCode?uid=bab17cd0-d2ed-41a6-879e-996389f7cd82&authKey=C6730C3F4FFE447E4862F2E390813F69BA2710A2A662EF0C9EF3C1FE04A0A6BE19E6FE5AED33095923000A2506403558&qid=8ab1716f1e4148448fe8cd21b5e73b65 HTTP/1.1" 200 188 http-bio-8080-exec-6 3
192.168.31.233 - - [19/Jul/2017:15:20:23 +0800] "POST /external/getLoginQRCode HTTP/1.1" 200 158 http-bio-8080-exec-1 167
192.168.31.166 - - [19/Jul/2017:15:20:26 +0800] "POST /external/tlm/getTeleClinics?uid=bab17cd0-d2ed-41a6-879e-996389f7cd82&authKey=C6730C3F4FFE447E4862F2E390813F69BA2710A2A662EF0C9EF3C1FE04A0A6BE19E6FE5AED33095923000A2506403558&qid=06b07c3b5b3b4099a438448071245f0e HTTP/1.1" 200 1900 http-bio-8080-exec-3 332
192.168.31.166 - - [19/Jul/2017:15:20:29 +0800] "POST /external/getLoginQRCode?uid=bab17cd0-d2ed-41a6-879e-996389f7cd82&authKey=C6730C3F4FFE447E4862F2E390813F69BA2710A2A662EF0C9EF3C1FE04A0A6BE19E6FE5AED33095923000A2506403558&qid=d81495f7c85f43fda0b16b28932c9e8a HTTP/1.1" 200 158 http-bio-8080-exec-4 4
192.168.31.198 - - [19/Jul/2017:15:21:05 +0800] "POST /external/ticket/loginByQrCode?authKey=3D3F37957A417926F794D37461356EA859D3B58A84B83CFE2C5FAB2A0F419591A66C48B3090B08D431365B3031C7EFF3&uid=bb08d0db-b759-43ec-830b-8b10e202e228&qid=caea70edee1d4fbb81e9ce6ad2c11aca HTTP/1.1" 200 122 http-bio-8080-exec-5 7
192.168.31.166 - - [19/Jul/2017:15:22:24 +0800] "POST /external/tlm/getTeleClinics?uid=bab17cd0-d2ed-41a6-879e-996389f7cd82&authKey=C6730C3F4FFE447E4862F2E390813F69BA2710A2A662EF0C9EF3C1FE04A0A6BE19E6FE5AED33095923000A2506403558&qid=abfeb8d0c68c4c24af838e106e442b54 HTTP/1.1" 200 1900 http-bio-8080-exec-1 540
192.168.31.166 - - [19/Jul/2017:15:22:27 +0800] "POST /external/getLoginQRCode?uid=bab17cd0-d2ed-41a6-879e-996389f7cd82&authKey=C6730C3F4FFE447E4862F2E390813F69BA2710A2A662EF0C9EF3C1FE04A0A6BE19E6FE5AED33095923000A2506403558&qid=2030ce9ef3da4ab5b8e8900cc76a769b HTTP/1.1" 200 158 http-bio-8080-exec-2 14
192.168.31.198 - - [19/Jul/2017:15:24:53 +0800] "POST /external/ticket/loginByQrCode?authKey=3D3F37957A417926F794D37461356EA859D3B58A84B83CFE2C5FAB2A0F419591A66C48B3090B08D431365B3031C7EFF3&uid=bb08d0db-b759-43ec-830b-8b10e202e228&qid=b90464f233cb4f8a80e38a1a7849b85e HTTP/1.1" 200 122 http-bio-8080-exec-3 142054
192.168.31.198 - - [19/Jul/2017:15:26:35 +0800] "POST /external/loginByPwd?authKey=3D3F37957A417926F794D37461356EA859D3B58A84B83CFE2C5FAB2A0F419591A66C48B3090B08D431365B3031C7EFF3&uid=bb08d0db-b759-43ec-830b-8b10e202e228&qid=1d4461a5bc1d4e37b2f6950bc2ba016b HTTP/1.1" 200 471 http-bio-8080-exec-1 1007
192.168.31.198 - - [19/Jul/2017:15:26:35 +0800] "POST /external/ticket/getDoctorInfo?authKey=3D3F37957A417926F794D37461356EA859D3B58A84B83CFE2C5FAB2A0F419591A66C48B3090B08D431365B3031C7EFF3&uid=bb08d0db-b759-43ec-830b-8b10e202e228&qid=65f9d9ce83ad462e8d52bb8f87f6e589 HTTP/1.1" 200 466 http-bio-8080-exec-2 84
192.168.31.166 - - [19/Jul/2017:15:26:41 +0800] "POST /external/tlm/getTeleClinics?uid=bab17cd0-d2ed-41a6-879e-996389f7cd82&authKey=C6730C3F4FFE447E4862F2E390813F69BA2710A2A662EF0C9EF3C1FE04A0A6BE19E6FE5AED33095923000A2506403558&qid=6de1b77d2ec5442ebcbd6822bed8a148 HTTP/1.1" 200 1900 http-bio-8080-exec-4 113
192.168.31.166 - - [19/Jul/2017:15:26:44 +0800] "POST /external/getLoginQRCode?uid=bab17cd0-d2ed-41a6-879e-996389f7cd82&authKey=C6730C3F4FFE447E4862F2E390813F69BA2710A2A662EF0C9EF3C1FE04A0A6BE19E6FE5AED33095923000A2506403558&qid=46f596b027a54bdebb89db1370e4ed36 HTTP/1.1" 200 158 http-bio-8080-exec-5 9
192.168.31.198 - - [19/Jul/2017:15:28:06 +0800] "POST /external/ticket/loginByQrCode?authKey=3D3F37957A417926F794D37461356EA859D3B58A84B83CFE2C5FAB2A0F419591A66C48B3090B08D431365B3031C7EFF3&uid=bb08d0db-b759-43ec-830b-8b10e202e228&qid=c059e70d5f0f4e658fe7a415f50682f3 HTTP/1.1" 200 123 http-bio-8080-exec-3 74882
192.168.31.166 - - [19/Jul/2017:15:29:42 +0800] "POST /external/tlm/getTeleClinics?uid=bab17cd0-d2ed-41a6-879e-996389f7cd82&authKey=C6730C3F4FFE447E4862F2E390813F69BA2710A2A662EF0C9EF3C1FE04A0A6BE19E6FE5AED33095923000A2506403558&qid=4047e27651004091b19616e467580b44 HTTP/1.1" 200 1900 http-bio-8080-exec-1 593
192.168.31.198 - - [19/Jul/2017:15:29:44 +0800] "POST /external/loginByPwd?authKey=3D3F37957A417926F794D37461356EA859D3B58A84B83CFE2C5FAB2A0F419591A66C48B3090B08D431365B3031C7EFF3&uid=bb08d0db-b759-43ec-830b-8b10e202e228&qid=96c304572c364d71b722dbc0fb93cd64 HTTP/1.1" 200 471 http-bio-8080-exec-2 649
192.168.31.198 - - [19/Jul/2017:15:29:44 +0800] "POST /external/ticket/getDoctorInfo?authKey=3D3F37957A417926F794D37461356EA859D3B58A84B83CFE2C5FAB2A0F419591A66C48B3090B08D431365B3031C7EFF3&uid=bb08d0db-b759-43ec-830b-8b10e202e228&qid=a23e1e231dab49459c48b2c881ae3e05 HTTP/1.1" 200 466 http-bio-8080-exec-3 93
192.168.31.166 - - [19/Jul/2017:15:29:45 +0800] "POST /external/getLoginQRCode?uid=bab17cd0-d2ed-41a6-879e-996389f7cd82&authKey=C6730C3F4FFE447E4862F2E390813F69BA2710A2A662EF0C9EF3C1FE04A0A6BE19E6FE5AED33095923000A2506403558&qid=537a49b82aaf44d28f9d18f8a25aa485 HTTP/1.1" 200 158 http-bio-8080-exec-5 6
192.168.31.198 - - [19/Jul/2017:15:31:42 +0800] "POST /external/loginByPwd?authKey=3D3F37957A417926F794D37461356EA859D3B58A84B83CFE2C5FAB2A0F419591A66C48B3090B08D431365B3031C7EFF3&uid=bb08d0db-b759-43ec-830b-8b10e202e228&qid=fab07abdb5374ca49f2705284e64c183 HTTP/1.1" 200 471 http-bio-8080-exec-1 1131
192.168.31.198 - - [19/Jul/2017:15:31:42 +0800] "POST /external/ticket/getDoctorInfo?authKey=3D3F37957A417926F794D37461356EA859D3B58A84B83CFE2C5FAB2A0F419591A66C48B3090B08D431365B3031C7EFF3&uid=bb08d0db-b759-43ec-830b-8b10e202e228&qid=bd9f557937aa407f802ade7a25e72f14 HTTP/1.1" 200 466 http-bio-8080-exec-3 96
192.168.31.166 - - [19/Jul/2017:15:31:43 +0800] "POST /external/tlm/getTeleClinics?uid=bab17cd0-d2ed-41a6-879e-996389f7cd82&authKey=C6730C3F4FFE447E4862F2E390813F69BA2710A2A662EF0C9EF3C1FE04A0A6BE19E6FE5AED33095923000A2506403558&qid=70b28c456d884732839ea6d8c4a9fca7 HTTP/1.1" 200 1900 http-bio-8080-exec-5 163
192.168.31.166 - - [19/Jul/2017:15:31:46 +0800] "POST /external/getLoginQRCode?uid=bab17cd0-d2ed-41a6-879e-996389f7cd82&authKey=C6730C3F4FFE447E4862F2E390813F69BA2710A2A662EF0C9EF3C1FE04A0A6BE19E6FE5AED33095923000A2506403558&qid=e5db23b67aa54d71893be99ef56d024a HTTP/1.1" 200 158 http-bio-8080-exec-6 7
192.168.31.198 - - [19/Jul/2017:15:32:10 +0800] "POST /external/ticket/loginByQrCode?authKey=3D3F37957A417926F794D37461356EA859D3B58A84B83CFE2C5FAB2A0F419591A66C48B3090B08D431365B3031C7EFF3&uid=bb08d0db-b759-43ec-830b-8b10e202e228&qid=8d01f0c65aa14c8fb4e4b298d482d84c HTTP/1.1" 200 114 http-bio-8080-exec-4 15149
192.168.31.198 - - [19/Jul/2017:15:34:26 +0800] "POST /external/tlm/getContactsList?authKey=3D3F37957A417926F794D37461356EA859D3B58A84B83CFE2C5FAB2A0F419591A66C48B3090B08D431365B3031C7EFF3&uid=bb08d0db-b759-43ec-830b-8b10e202e228&qid=fd4f692502dc43f7b7354c784400ed00 HTTP/1.1" 200 1032 http-bio-8080-exec-8 166
192.168.31.166 - - [19/Jul/2017:15:37:35 +0800] "POST /external/tlm/getTeleClinics?uid=bab17cd0-d2ed-41a6-879e-996389f7cd82&authKey=C6730C3F4FFE447E4862F2E390813F69BA2710A2A662EF0C9EF3C1FE04A0A6BE19E6FE5AED33095923000A2506403558&qid=f5f1b61a2aca49b59d7265d9d60e017e HTTP/1.1" 200 1900 http-bio-8080-exec-10 68
192.168.31.166 - - [19/Jul/2017:15:38:44 +0800] "POST /external/tlm/getTeleClinics?uid=bab17cd0-d2ed-41a6-879e-996389f7cd82&authKey=C6730C3F4FFE447E4862F2E390813F69BA2710A2A662EF0C9EF3C1FE04A0A6BE19E6FE5AED33095923000A2506403558&qid=80988cdf554f4a97aab7d6c8c8d5d7bf HTTP/1.1" 200 1900 http-bio-8080-exec-2 58
192.168.31.166 - - [19/Jul/2017:15:38:51 +0800] "POST /external/tlm/getTeleClinics?uid=bab17cd0-d2ed-41a6-879e-996389f7cd82&authKey=C6730C3F4FFE447E4862F2E390813F69BA2710A2A662EF0C9EF3C1FE04A0A6BE19E6FE5AED33095923000A2506403558&qid=b7954883821149adb3d80ff0faedb1ef HTTP/1.1" 200 1900 http-bio-8080-exec-1 56
192.168.31.166 - - [19/Jul/2017:15:38:55 +0800] "POST /external/getLoginQRCode?uid=bab17cd0-d2ed-41a6-879e-996389f7cd82&authKey=C6730C3F4FFE447E4862F2E390813F69BA2710A2A662EF0C9EF3C1FE04A0A6BE19E6FE5AED33095923000A2506403558&qid=55b71dc29e6d47678b8cb6ef9bc38eed HTTP/1.1" 200 158 http-bio-8080-exec-3 4
192.168.31.166 - - [19/Jul/2017:15:38:55 +0800] "POST /external/web/loginByQrCode?uid=bab17cd0-d2ed-41a6-879e-996389f7cd82&authKey=C6730C3F4FFE447E4862F2E390813F69BA2710A2A662EF0C9EF3C1FE04A0A6BE19E6FE5AED33095923000A2506403558&qid=c61d690e24d24769bb73a81796de7603 HTTP/1.1" 200 128 http-bio-8080-exec-5 3
192.168.31.166 - - [19/Jul/2017:15:38:55 +0800] "POST /external/getLoginQRCode?uid=bab17cd0-d2ed-41a6-879e-996389f7cd82&authKey=C6730C3F4FFE447E4862F2E390813F69BA2710A2A662EF0C9EF3C1FE04A0A6BE19E6FE5AED33095923000A2506403558&qid=44dd3afe96954b149d7b137dca5fafcc HTTP/1.1" 200 158 http-bio-8080-exec-6 4
192.168.31.166 - - [19/Jul/2017:15:38:58 +0800] "POST /external/web/loginByQrCode?uid=bab17cd0-d2ed-41a6-879e-996389f7cd82&authKey=C6730C3F4FFE447E4862F2E390813F69BA2710A2A662EF0C9EF3C1FE04A0A6BE19E6FE5AED33095923000A2506403558&qid=44ea4bb1e5aa47759487f35334aa8db6 HTTP/1.1" 200 128 http-bio-8080-exec-4 4
192.168.31.166 - - [19/Jul/2017:15:38:58 +0800] "POST /external/getLoginQRCode?uid=bab17cd0-d2ed-41a6-879e-996389f7cd82&authKey=C6730C3F4FFE447E4862F2E390813F69BA2710A2A662EF0C9EF3C1FE04A0A6BE19E6FE5AED33095923000A2506403558&qid=7eb4d5cfcaa8423cafca23930e2e7284 HTTP/1.1" 200 158 http-bio-8080-exec-7 3
192.168.31.166 - - [19/Jul/2017:15:39:01 +0800] "POST /external/web/loginByQrCode?uid=bab17cd0-d2ed-41a6-879e-996389f7cd82&authKey=C6730C3F4FFE447E4862F2E390813F69BA2710A2A662EF0C9EF3C1FE04A0A6BE19E6FE5AED33095923000A2506403558&qid=a7c4ac37b9b1425da159b2d4089f151d HTTP/1.1" 200 128 http-bio-8080-exec-8 4
192.168.31.166 - - [19/Jul/2017:15:39:01 +0800] "POST /external/getLoginQRCode?uid=bab17cd0-d2ed-41a6-879e-996389f7cd82&authKey=C6730C3F4FFE447E4862F2E390813F69BA2710A2A662EF0C9EF3C1FE04A0A6BE19E6FE5AED33095923000A2506403558&qid=24d23a00902e437782a9b6a4f2755c6f HTTP/1.1" 200 158 http-bio-8080-exec-9 5
192.168.31.166 - - [19/Jul/2017:15:39:04 +0800] "POST /external/web/loginByQrCode?uid=bab17cd0-d2ed-41a6-879e-996389f7cd82&authKey=C6730C3F4FFE447E4862F2E390813F69BA2710A2A662EF0C9EF3C1FE04A0A6BE19E6FE5AED33095923000A2506403558&qid=e8f419d5cc7b422ea1f2cb593c30f008 HTTP/1.1" 200 128 http-bio-8080-exec-10 5
192.168.31.166 - - [19/Jul/2017:15:39:04 +0800] "POST /external/getLoginQRCode?uid=bab17cd0-d2ed-41a6-879e-996389f7cd82&authKey=C6730C3F4FFE447E4862F2E390813F69BA2710A2A662EF0C9EF3C1FE04A0A6BE19E6FE5AED33095923000A2506403558&qid=186b068b3fb847c79a0b3b5c1d2d0c10 HTTP/1.1" 200 158 http-bio-8080-exec-2 3
192.168.31.166 - - [19/Jul/2017:15:39:07 +0800] "POST /external/web/loginByQrCode?uid=bab17cd0-d2ed-41a6-879e-996389f7cd82&authKey=C6730C3F4FFE447E4862F2E390813F69BA2710A2A662EF0C9EF3C1FE04A0A6BE19E6FE5AED33095923000A2506403558&qid=4f422f9647444b21b7442612870abce0 HTTP/1.1" 200 128 http-bio-8080-exec-1 3
192.168.31.166 - - [19/Jul/2017:15:39:07 +0800] "POST /external/getLoginQRCode?uid=bab17cd0-d2ed-41a6-879e-996389f7cd82&authKey=C6730C3F4FFE447E4862F2E390813F69BA2710A2A662EF0C9EF3C1FE04A0A6BE19E6FE5AED33095923000A2506403558&qid=e7d38ae3a34446169c7cebd05d9f3296 HTTP/1.1" 200 158 http-bio-8080-exec-3 2
192.168.31.166 - - [19/Jul/2017:15:39:10 +0800] "POST /external/web/loginByQrCode?uid=bab17cd0-d2ed-41a6-879e-996389f7cd82&authKey=C6730C3F4FFE447E4862F2E390813F69BA2710A2A662EF0C9EF3C1FE04A0A6BE19E6FE5AED33095923000A2506403558&qid=98d85f7ffce347d09beee64da04a52c8 HTTP/1.1" 200 128 http-bio-8080-exec-5 6
192.168.31.166 - - [19/Jul/2017:15:39:10 +0800] "POST /external/getLoginQRCode?uid=bab17cd0-d2ed-41a6-879e-996389f7cd82&authKey=C6730C3F4FFE447E4862F2E390813F69BA2710A2A662EF0C9EF3C1FE04A0A6BE19E6FE5AED33095923000A2506403558&qid=3650d2b2104449b4b512456577bde0e3 HTTP/1.1" 200 158 http-bio-8080-exec-6 3
192.168.31.166 - - [19/Jul/2017:15:39:13 +0800] "POST /external/web/loginByQrCode?uid=bab17cd0-d2ed-41a6-879e-996389f7cd82&authKey=C6730C3F4FFE447E4862F2E390813F69BA2710A2A662EF0C9EF3C1FE04A0A6BE19E6FE5AED33095923000A2506403558&qid=c9b2b559e95843ed82c5575654cd9fed HTTP/1.1" 200 128 http-bio-8080-exec-4 4
192.168.31.166 - - [19/Jul/2017:15:39:13 +0800] "POST /external/getLoginQRCode?uid=bab17cd0-d2ed-41a6-879e-996389f7cd82&authKey=C6730C3F4FFE447E4862F2E390813F69BA2710A2A662EF0C9EF3C1FE04A0A6BE19E6FE5AED33095923000A2506403558&qid=7ef458a5c1d94b7b92424f924b074b1c HTTP/1.1" 200 158 http-bio-8080-exec-7 3
192.168.31.166 - - [19/Jul/2017:15:39:16 +0800] "POST /external/web/loginByQrCode?uid=bab17cd0-d2ed-41a6-879e-996389f7cd82&authKey=C6730C3F4FFE447E4862F2E390813F69BA2710A2A662EF0C9EF3C1FE04A0A6BE19E6FE5AED33095923000A2506403558&qid=6d0b301cdb394d51a73663de01411bdc HTTP/1.1" 200 128 http-bio-8080-exec-8 3
192.168.31.166 - - [19/Jul/2017:15:39:16 +0800] "POST /external/getLoginQRCode?uid=bab17cd0-d2ed-41a6-879e-996389f7cd82&authKey=C6730C3F4FFE447E4862F2E390813F69BA2710A2A662EF0C9EF3C1FE04A0A6BE19E6FE5AED33095923000A2506403558&qid=d5223f870bf74646868428efe6f37ac0 HTTP/1.1" 200 158 http-bio-8080-exec-9 5
192.168.31.198 - - [19/Jul/2017:15:39:17 +0800] "POST /external/ticket/loginByQrCode?authKey=3D3F37957A417926F794D37461356EA859D3B58A84B83CFE2C5FAB2A0F419591A66C48B3090B08D431365B3031C7EFF3&uid=bb08d0db-b759-43ec-830b-8b10e202e228&qid=74aa2c757a53460ca3fbde60a20ab1dc HTTP/1.1" 200 114 http-bio-8080-exec-10 4
192.168.31.166 - - [19/Jul/2017:15:39:19 +0800] "POST /external/web/loginByQrCode?uid=bab17cd0-d2ed-41a6-879e-996389f7cd82&authKey=C6730C3F4FFE447E4862F2E390813F69BA2710A2A662EF0C9EF3C1FE04A0A6BE19E6FE5AED33095923000A2506403558&qid=88c5bbd66dee4b6a88395f3d01aca077 HTTP/1.1" 200 128 http-bio-8080-exec-1 4
192.168.31.166 - - [19/Jul/2017:15:39:22 +0800] "POST /external/web/loginByQrCode?uid=bab17cd0-d2ed-41a6-879e-996389f7cd82&authKey=C6730C3F4FFE447E4862F2E390813F69BA2710A2A662EF0C9EF3C1FE04A0A6BE19E6FE5AED33095923000A2506403558&qid=ee680e6e96924181928b2b47978a91bf HTTP/1.1" 200 128 http-bio-8080-exec-3 4
192.168.31.233 - - [19/Jul/2017:15:40:36 +0800] "POST /external/getLoginQRCode HTTP/1.1" 200 158 http-bio-8080-exec-5 4
192.168.31.166 - - [19/Jul/2017:15:41:35 +0800] "POST /external/tlm/getTeleClinics?uid=bab17cd0-d2ed-41a6-879e-996389f7cd82&authKey=C6730C3F4FFE447E4862F2E390813F69BA2710A2A662EF0C9EF3C1FE04A0A6BE19E6FE5AED33095923000A2506403558&qid=8296cb41f9e44cfc935d022333fa086d HTTP/1.1" 200 1900 http-bio-8080-exec-4 50
192.168.31.166 - - [19/Jul/2017:15:41:39 +0800] "POST /external/getLoginQRCode?uid=bab17cd0-d2ed-41a6-879e-996389f7cd82&authKey=C6730C3F4FFE447E4862F2E390813F69BA2710A2A662EF0C9EF3C1FE04A0A6BE19E6FE5AED33095923000A2506403558&qid=d504733160c34712badd443969b3e473 HTTP/1.1" 200 158 http-bio-8080-exec-7 4
192.168.31.166 - - [19/Jul/2017:15:41:39 +0800] "POST /external/web/loginByQrCode?uid=bab17cd0-d2ed-41a6-879e-996389f7cd82&authKey=C6730C3F4FFE447E4862F2E390813F69BA2710A2A662EF0C9EF3C1FE04A0A6BE19E6FE5AED33095923000A2506403558&qid=dccdb372ce114feaa310637711538ab0 HTTP/1.1" 200 128 http-bio-8080-exec-8 3
192.168.31.166 - - [19/Jul/2017:15:41:39 +0800] "POST /external/getLoginQRCode?uid=bab17cd0-d2ed-41a6-879e-996389f7cd82&authKey=C6730C3F4FFE447E4862F2E390813F69BA2710A2A662EF0C9EF3C1FE04A0A6BE19E6FE5AED33095923000A2506403558&qid=c1f6f04f851843c78cb9bdc0c7eaafcd HTTP/1.1" 200 158 http-bio-8080-exec-9 3
192.168.31.166 - - [19/Jul/2017:15:41:42 +0800] "POST /external/web/loginByQrCode?uid=bab17cd0-d2ed-41a6-879e-996389f7cd82&authKey=C6730C3F4FFE447E4862F2E390813F69BA2710A2A662EF0C9EF3C1FE04A0A6BE19E6FE5AED33095923000A2506403558&qid=318fabf5b5b646aba4f2164660266ea2 HTTP/1.1" 200 128 http-bio-8080-exec-2 3
192.168.31.166 - - [19/Jul/2017:15:41:42 +0800] "POST /external/getLoginQRCode?uid=bab17cd0-d2ed-41a6-879e-996389f7cd82&authKey=C6730C3F4FFE447E4862F2E390813F69BA2710A2A662EF0C9EF3C1FE04A0A6BE19E6FE5AED33095923000A2506403558&qid=1f7b984d13884c2080d274c73e921154 HTTP/1.1" 200 158 http-bio-8080-exec-1 3
192.168.31.166 - - [19/Jul/2017:15:41:45 +0800] "POST /external/web/loginByQrCode?uid=bab17cd0-d2ed-41a6-879e-996389f7cd82&authKey=C6730C3F4FFE447E4862F2E390813F69BA2710A2A662EF0C9EF3C1FE04A0A6BE19E6FE5AED33095923000A2506403558&qid=6607e76155af4851a71a5d3133fd5dbe HTTP/1.1" 200 128 http-bio-8080-exec-3 4
192.168.31.166 - - [19/Jul/2017:15:41:45 +0800] "POST /external/getLoginQRCode?uid=bab17cd0-d2ed-41a6-879e-996389f7cd82&authKey=C6730C3F4FFE447E4862F2E390813F69BA2710A2A662EF0C9EF3C1FE04A0A6BE19E6FE5AED33095923000A2506403558&qid=7962b411320744db82efcca17f80a150 HTTP/1.1" 200 158 http-bio-8080-exec-10 4
192.168.31.166 - - [19/Jul/2017:15:41:48 +0800] "POST /external/web/loginByQrCode?uid=bab17cd0-d2ed-41a6-879e-996389f7cd82&authKey=C6730C3F4FFE447E4862F2E390813F69BA2710A2A662EF0C9EF3C1FE04A0A6BE19E6FE5AED33095923000A2506403558&qid=ef89e80e51304108ad064ed04a25852d HTTP/1.1" 200 128 http-bio-8080-exec-6 3
192.168.31.166 - - [19/Jul/2017:15:41:48 +0800] "POST /external/getLoginQRCode?uid=bab17cd0-d2ed-41a6-879e-996389f7cd82&authKey=C6730C3F4FFE447E4862F2E390813F69BA2710A2A662EF0C9EF3C1FE04A0A6BE19E6FE5AED33095923000A2506403558&qid=afa9014e8b0e4768bb3e72ef595f4bb9 HTTP/1.1" 200 158 http-bio-8080-exec-4 4
192.168.31.166 - - [19/Jul/2017:15:41:51 +0800] "POST /external/web/loginByQrCode?uid=bab17cd0-d2ed-41a6-879e-996389f7cd82&authKey=C6730C3F4FFE447E4862F2E390813F69BA2710A2A662EF0C9EF3C1FE04A0A6BE19E6FE5AED33095923000A2506403558&qid=d6279890993940d1b05f6fba96cbf476 HTTP/1.1" 200 128 http-bio-8080-exec-5 3
192.168.31.166 - - [19/Jul/2017:15:41:51 +0800] "POST /external/getLoginQRCode?uid=bab17cd0-d2ed-41a6-879e-996389f7cd82&authKey=C6730C3F4FFE447E4862F2E390813F69BA2710A2A662EF0C9EF3C1FE04A0A6BE19E6FE5AED33095923000A2506403558&qid=b1da760b30024ad092ba83b9da020ffa HTTP/1.1" 200 158 http-bio-8080-exec-7 3
192.168.31.166 - - [19/Jul/2017:15:41:54 +0800] "POST /external/web/loginByQrCode?uid=bab17cd0-d2ed-41a6-879e-996389f7cd82&authKey=C6730C3F4FFE447E4862F2E390813F69BA2710A2A662EF0C9EF3C1FE04A0A6BE19E6FE5AED33095923000A2506403558&qid=158c46b3b7f046ceb053ea04d313373e HTTP/1.1" 200 128 http-bio-8080-exec-8 5
192.168.31.166 - - [19/Jul/2017:15:41:54 +0800] "POST /external/getLoginQRCode?uid=bab17cd0-d2ed-41a6-879e-996389f7cd82&authKey=C6730C3F4FFE447E4862F2E390813F69BA2710A2A662EF0C9EF3C1FE04A0A6BE19E6FE5AED33095923000A2506403558&qid=37cebb9cfea547a299a7ea956944ab12 HTTP/1.1" 200 158 http-bio-8080-exec-9 4
192.168.31.166 - - [19/Jul/2017:15:41:57 +0800] "POST /external/web/loginByQrCode?uid=bab17cd0-d2ed-41a6-879e-996389f7cd82&authKey=C6730C3F4FFE447E4862F2E390813F69BA2710A2A662EF0C9EF3C1FE04A0A6BE19E6FE5AED33095923000A2506403558&qid=7bd7a1c8c76d4951b4cd7e5ae1ed5e96 HTTP/1.1" 200 128 http-bio-8080-exec-2 3
192.168.31.166 - - [19/Jul/2017:15:41:57 +0800] "POST /external/getLoginQRCode?uid=bab17cd0-d2ed-41a6-879e-996389f7cd82&authKey=C6730C3F4FFE447E4862F2E390813F69BA2710A2A662EF0C9EF3C1FE04A0A6BE19E6FE5AED33095923000A2506403558&qid=018dc5c2f3f94a48a3a4c0bbcfaadd7b HTTP/1.1" 200 158 http-bio-8080-exec-1 3
192.168.31.166 - - [19/Jul/2017:15:42:00 +0800] "POST /external/web/loginByQrCode?uid=bab17cd0-d2ed-41a6-879e-996389f7cd82&authKey=C6730C3F4FFE447E4862F2E390813F69BA2710A2A662EF0C9EF3C1FE04A0A6BE19E6FE5AED33095923000A2506403558&qid=fb516c8f3b7d45429384cdcf0697cff5 HTTP/1.1" 200 128 http-bio-8080-exec-3 3
192.168.31.166 - - [19/Jul/2017:15:42:00 +0800] "POST /external/getLoginQRCode?uid=bab17cd0-d2ed-41a6-879e-996389f7cd82&authKey=C6730C3F4FFE447E4862F2E390813F69BA2710A2A662EF0C9EF3C1FE04A0A6BE19E6FE5AED33095923000A2506403558&qid=a3d3d65b493d48c2bb1ff96b0d885812 HTTP/1.1" 200 158 http-bio-8080-exec-10 2
192.168.31.166 - - [19/Jul/2017:15:42:03 +0800] "POST /external/web/loginByQrCode?uid=bab17cd0-d2ed-41a6-879e-996389f7cd82&authKey=C6730C3F4FFE447E4862F2E390813F69BA2710A2A662EF0C9EF3C1FE04A0A6BE19E6FE5AED33095923000A2506403558&qid=e6cbeb124a684e7991fe8b184e3089e8 HTTP/1.1" 200 128 http-bio-8080-exec-6 4
192.168.31.166 - - [19/Jul/2017:15:42:06 +0800] "POST /external/web/loginByQrCode?uid=bab17cd0-d2ed-41a6-879e-996389f7cd82&authKey=C6730C3F4FFE447E4862F2E390813F69BA2710A2A662EF0C9EF3C1FE04A0A6BE19E6FE5AED33095923000A2506403558&qid=51b2bea7956748fead19c70f16dc068f HTTP/1.1" 200 128 http-bio-8080-exec-4 4
192.168.31.166 - - [19/Jul/2017:15:42:10 +0800] "POST /external/web/loginByQrCode?uid=bab17cd0-d2ed-41a6-879e-996389f7cd82&authKey=C6730C3F4FFE447E4862F2E390813F69BA2710A2A662EF0C9EF3C1FE04A0A6BE19E6FE5AED33095923000A2506403558&qid=6b5765460d634320a20972668a35302c HTTP/1.1" 200 128 http-bio-8080-exec-5 2
192.168.31.166 - - [19/Jul/2017:15:42:13 +0800] "POST /external/web/loginByQrCode?uid=bab17cd0-d2ed-41a6-879e-996389f7cd82&authKey=C6730C3F4FFE447E4862F2E390813F69BA2710A2A662EF0C9EF3C1FE04A0A6BE19E6FE5AED33095923000A2506403558&qid=5e17bd4d9f2845fca908d85f5fb82fa8 HTTP/1.1" 200 128 http-bio-8080-exec-7 4
192.168.31.166 - - [19/Jul/2017:15:42:16 +0800] "POST /external/web/loginByQrCode?uid=bab17cd0-d2ed-41a6-879e-996389f7cd82&authKey=C6730C3F4FFE447E4862F2E390813F69BA2710A2A662EF0C9EF3C1FE04A0A6BE19E6FE5AED33095923000A2506403558&qid=37e44de8f0864ffe83192a57b8e3ae5a HTTP/1.1" 200 128 http-bio-8080-exec-8 4
192.168.31.166 - - [19/Jul/2017:15:42:19 +0800] "POST /external/web/loginByQrCode?uid=bab17cd0-d2ed-41a6-879e-996389f7cd82&authKey=C6730C3F4FFE447E4862F2E390813F69BA2710A2A662EF0C9EF3C1FE04A0A6BE19E6FE5AED33095923000A2506403558&qid=81e3f1682fee47429e02c6a49ab40a47 HTTP/1.1" 200 128 http-bio-8080-exec-9 4
192.168.31.166 - - [19/Jul/2017:15:42:22 +0800] "POST /external/web/loginByQrCode?uid=bab17cd0-d2ed-41a6-879e-996389f7cd82&authKey=C6730C3F4FFE447E4862F2E390813F69BA2710A2A662EF0C9EF3C1FE04A0A6BE19E6FE5AED33095923000A2506403558&qid=eba20a88b4d142d4835272d2b24ee4e3 HTTP/1.1" 200 128 http-bio-8080-exec-2 4
192.168.31.166 - - [19/Jul/2017:15:42:25 +0800] "POST /external/web/loginByQrCode?uid=bab17cd0-d2ed-41a6-879e-996389f7cd82&authKey=C6730C3F4FFE447E4862F2E390813F69BA2710A2A662EF0C9EF3C1FE04A0A6BE19E6FE5AED33095923000A2506403558&qid=021bb10f74504c9ca28182a5bc7519e3 HTTP/1.1" 200 128 http-bio-8080-exec-1 4
192.168.31.166 - - [19/Jul/2017:15:42:28 +0800] "POST /external/web/loginByQrCode?uid=bab17cd0-d2ed-41a6-879e-996389f7cd82&authKey=C6730C3F4FFE447E4862F2E390813F69BA2710A2A662EF0C9EF3C1FE04A0A6BE19E6FE5AED33095923000A2506403558&qid=7c433138987245cdbdcea3eac06ac9a7 HTTP/1.1" 200 128 http-bio-8080-exec-3 5
192.168.31.166 - - [19/Jul/2017:15:42:31 +0800] "POST /external/web/loginByQrCode?uid=bab17cd0-d2ed-41a6-879e-996389f7cd82&authKey=C6730C3F4FFE447E4862F2E390813F69BA2710A2A662EF0C9EF3C1FE04A0A6BE19E6FE5AED33095923000A2506403558&qid=c0f1a4d4792e4102aa9501e3b50a3566 HTTP/1.1" 200 128 http-bio-8080-exec-10 3
192.168.31.166 - - [19/Jul/2017:15:42:34 +0800] "POST /external/web/loginByQrCode?uid=bab17cd0-d2ed-41a6-879e-996389f7cd82&authKey=C6730C3F4FFE447E4862F2E390813F69BA2710A2A662EF0C9EF3C1FE04A0A6BE19E6FE5AED33095923000A2506403558&qid=2a435be2c82947849394425bb64505dd HTTP/1.1" 200 128 http-bio-8080-exec-6 3
192.168.31.166 - - [19/Jul/2017:15:42:37 +0800] "POST /external/web/loginByQrCode?uid=bab17cd0-d2ed-41a6-879e-996389f7cd82&authKey=C6730C3F4FFE447E4862F2E390813F69BA2710A2A662EF0C9EF3C1FE04A0A6BE19E6FE5AED33095923000A2506403558&qid=36ecec0ed6d34fcebaf0216cf500f4e9 HTTP/1.1" 200 128 http-bio-8080-exec-4 3
192.168.31.166 - - [19/Jul/2017:15:42:40 +0800] "POST /external/web/loginByQrCode?uid=bab17cd0-d2ed-41a6-879e-996389f7cd82&authKey=C6730C3F4FFE447E4862F2E390813F69BA2710A2A662EF0C9EF3C1FE04A0A6BE19E6FE5AED33095923000A2506403558&qid=3c24b655d2924875b9c0bdd421f7b206 HTTP/1.1" 200 128 http-bio-8080-exec-5 4
192.168.31.166 - - [19/Jul/2017:15:42:44 +0800] "POST /external/web/loginByQrCode?uid=bab17cd0-d2ed-41a6-879e-996389f7cd82&authKey=C6730C3F4FFE447E4862F2E390813F69BA2710A2A662EF0C9EF3C1FE04A0A6BE19E6FE5AED33095923000A2506403558&qid=0dc92a95d9e44d1f9278d15b438908f9 HTTP/1.1" 200 128 http-bio-8080-exec-7 3
192.168.31.166 - - [19/Jul/2017:15:42:47 +0800] "POST /external/web/loginByQrCode?uid=bab17cd0-d2ed-41a6-879e-996389f7cd82&authKey=C6730C3F4FFE447E4862F2E390813F69BA2710A2A662EF0C9EF3C1FE04A0A6BE19E6FE5AED33095923000A2506403558&qid=d8d9215a9f0e481f809e0b59ba9d7125 HTTP/1.1" 200 128 http-bio-8080-exec-8 4
192.168.31.166 - - [19/Jul/2017:15:42:50 +0800] "POST /external/web/loginByQrCode?uid=bab17cd0-d2ed-41a6-879e-996389f7cd82&authKey=C6730C3F4FFE447E4862F2E390813F69BA2710A2A662EF0C9EF3C1FE04A0A6BE19E6FE5AED33095923000A2506403558&qid=e4f0043a1f68487ca5af99b17f76e4fd HTTP/1.1" 200 128 http-bio-8080-exec-9 7
192.168.31.166 - - [19/Jul/2017:15:42:53 +0800] "POST /external/web/loginByQrCode?uid=bab17cd0-d2ed-41a6-879e-996389f7cd82&authKey=C6730C3F4FFE447E4862F2E390813F69BA2710A2A662EF0C9EF3C1FE04A0A6BE19E6FE5AED33095923000A2506403558&qid=9cdfbb8f0e2947378b54e1f5896ca94b HTTP/1.1" 200 128 http-bio-8080-exec-2 3
192.168.31.166 - - [19/Jul/2017:15:42:56 +0800] "POST /external/web/loginByQrCode?uid=bab17cd0-d2ed-41a6-879e-996389f7cd82&authKey=C6730C3F4FFE447E4862F2E390813F69BA2710A2A662EF0C9EF3C1FE04A0A6BE19E6FE5AED33095923000A2506403558&qid=e6aa1b111afc4c6eb7545dc236b9b02f HTTP/1.1" 200 128 http-bio-8080-exec-1 3
192.168.31.166 - - [19/Jul/2017:15:42:59 +0800] "POST /external/web/loginByQrCode?uid=bab17cd0-d2ed-41a6-879e-996389f7cd82&authKey=C6730C3F4FFE447E4862F2E390813F69BA2710A2A662EF0C9EF3C1FE04A0A6BE19E6FE5AED33095923000A2506403558&qid=a207c2be9ec74c978441c1dc17a97d40 HTTP/1.1" 200 128 http-bio-8080-exec-3 3
192.168.31.166 - - [19/Jul/2017:15:43:02 +0800] "POST /external/web/loginByQrCode?uid=bab17cd0-d2ed-41a6-879e-996389f7cd82&authKey=C6730C3F4FFE447E4862F2E390813F69BA2710A2A662EF0C9EF3C1FE04A0A6BE19E6FE5AED33095923000A2506403558&qid=87df4355f1fb42e2a1a9cbc13925c277 HTTP/1.1" 200 128 http-bio-8080-exec-10 4
192.168.31.166 - - [19/Jul/2017:15:43:05 +0800] "POST /external/web/loginByQrCode?uid=bab17cd0-d2ed-41a6-879e-996389f7cd82&authKey=C6730C3F4FFE447E4862F2E390813F69BA2710A2A662EF0C9EF3C1FE04A0A6BE19E6FE5AED33095923000A2506403558&qid=99cdf0dcccc4446a8579dc8d9b0d5fd1 HTTP/1.1" 200 128 http-bio-8080-exec-6 4
192.168.31.166 - - [19/Jul/2017:15:43:07 +0800] "POST /external/getLoginQRCode?uid=bab17cd0-d2ed-41a6-879e-996389f7cd82&authKey=C6730C3F4FFE447E4862F2E390813F69BA2710A2A662EF0C9EF3C1FE04A0A6BE19E6FE5AED33095923000A2506403558&qid=698636d0d1f44feab7320f10b51c5973 HTTP/1.1" 200 158 http-bio-8080-exec-5 4
192.168.31.166 - - [19/Jul/2017:15:43:07 +0800] "POST /external/getLoginQRCode?uid=bab17cd0-d2ed-41a6-879e-996389f7cd82&authKey=C6730C3F4FFE447E4862F2E390813F69BA2710A2A662EF0C9EF3C1FE04A0A6BE19E6FE5AED33095923000A2506403558&qid=d922e9ba6dcc497ea522816ead8c73a5 HTTP/1.1" 200 158 http-bio-8080-exec-8 4
192.168.31.166 - - [19/Jul/2017:15:43:07 +0800] "POST /external/getLoginQRCode?uid=bab17cd0-d2ed-41a6-879e-996389f7cd82&authKey=C6730C3F4FFE447E4862F2E390813F69BA2710A2A662EF0C9EF3C1FE04A0A6BE19E6FE5AED33095923000A2506403558&qid=3fd93484bd894b57b891d3d06ea265be HTTP/1.1" 200 158 http-bio-8080-exec-4 3
192.168.31.166 - - [19/Jul/2017:15:43:07 +0800] "POST /external/getLoginQRCode?uid=bab17cd0-d2ed-41a6-879e-996389f7cd82&authKey=C6730C3F4FFE447E4862F2E390813F69BA2710A2A662EF0C9EF3C1FE04A0A6BE19E6FE5AED33095923000A2506403558&qid=ecb5c2f50ab946f597c59432c8d71d76 HTTP/1.1" 200 158 http-bio-8080-exec-7 3
192.168.31.166 - - [19/Jul/2017:15:43:07 +0800] "POST /external/getLoginQRCode?uid=bab17cd0-d2ed-41a6-879e-996389f7cd82&authKey=C6730C3F4FFE447E4862F2E390813F69BA2710A2A662EF0C9EF3C1FE04A0A6BE19E6FE5AED33095923000A2506403558&qid=224ea88079ca4854bfd2fca24291f3fa HTTP/1.1" 200 158 http-bio-8080-exec-9 3
192.168.31.166 - - [19/Jul/2017:15:43:07 +0800] "POST /external/getLoginQRCode?uid=bab17cd0-d2ed-41a6-879e-996389f7cd82&authKey=C6730C3F4FFE447E4862F2E390813F69BA2710A2A662EF0C9EF3C1FE04A0A6BE19E6FE5AED33095923000A2506403558&qid=1b6e274bdcdd4c18b13507d0a5fe6a89 HTTP/1.1" 200 158 http-bio-8080-exec-2 3
192.168.31.166 - - [19/Jul/2017:15:43:07 +0800] "POST /external/getLoginQRCode?uid=bab17cd0-d2ed-41a6-879e-996389f7cd82&authKey=C6730C3F4FFE447E4862F2E390813F69BA2710A2A662EF0C9EF3C1FE04A0A6BE19E6FE5AED33095923000A2506403558&qid=c58986a35d0647aaa156cd8b1d596606 HTTP/1.1" 200 158 http-bio-8080-exec-1 3
192.168.31.166 - - [19/Jul/2017:15:43:07 +0800] "POST /external/getLoginQRCode?uid=bab17cd0-d2ed-41a6-879e-996389f7cd82&authKey=C6730C3F4FFE447E4862F2E390813F69BA2710A2A662EF0C9EF3C1FE04A0A6BE19E6FE5AED33095923000A2506403558&qid=938af123e60a4ed3bacb8b15709d01f5 HTTP/1.1" 200 158 http-bio-8080-exec-3 2
192.168.31.166 - - [19/Jul/2017:15:43:07 +0800] "POST /external/getLoginQRCode?uid=bab17cd0-d2ed-41a6-879e-996389f7cd82&authKey=C6730C3F4FFE447E4862F2E390813F69BA2710A2A662EF0C9EF3C1FE04A0A6BE19E6FE5AED33095923000A2506403558&qid=49cdeb06305142238746d3dbd5520599 HTTP/1.1" 200 158 http-bio-8080-exec-3 2
192.168.31.166 - - [19/Jul/2017:15:43:07 +0800] "POST /external/getLoginQRCode?uid=bab17cd0-d2ed-41a6-879e-996389f7cd82&authKey=C6730C3F4FFE447E4862F2E390813F69BA2710A2A662EF0C9EF3C1FE04A0A6BE19E6FE5AED33095923000A2506403558&qid=30bfd036308f4997b453e5c00f064bf2 HTTP/1.1" 200 158 http-bio-8080-exec-6 4
192.168.31.166 - - [19/Jul/2017:15:43:07 +0800] "POST /external/getLoginQRCode?uid=bab17cd0-d2ed-41a6-879e-996389f7cd82&authKey=C6730C3F4FFE447E4862F2E390813F69BA2710A2A662EF0C9EF3C1FE04A0A6BE19E6FE5AED33095923000A2506403558&qid=090159c82f1e4803a0a6f4c67c06a1d6 HTTP/1.1" 200 158 http-bio-8080-exec-5 3
192.168.31.166 - - [19/Jul/2017:15:43:07 +0800] "POST /external/getLoginQRCode?uid=bab17cd0-d2ed-41a6-879e-996389f7cd82&authKey=C6730C3F4FFE447E4862F2E390813F69BA2710A2A662EF0C9EF3C1FE04A0A6BE19E6FE5AED33095923000A2506403558&qid=17e69fe5e3d2464aab71abf04a33cf96 HTTP/1.1" 200 158 http-bio-8080-exec-6 2
192.168.31.166 - - [19/Jul/2017:15:43:07 +0800] "POST /external/getLoginQRCode?uid=bab17cd0-d2ed-41a6-879e-996389f7cd82&authKey=C6730C3F4FFE447E4862F2E390813F69BA2710A2A662EF0C9EF3C1FE04A0A6BE19E6FE5AED33095923000A2506403558&qid=1e0b2c4fe7eb4f38a38a0f7c3a42f43b HTTP/1.1" 200 158 http-bio-8080-exec-4 1
192.168.31.166 - - [19/Jul/2017:15:43:07 +0800] "POST /external/getLoginQRCode?uid=bab17cd0-d2ed-41a6-879e-996389f7cd82&authKey=C6730C3F4FFE447E4862F2E390813F69BA2710A2A662EF0C9EF3C1FE04A0A6BE19E6FE5AED33095923000A2506403558&qid=9ce3738fd2f04a58895a3c3129164b65 HTTP/1.1" 200 158 http-bio-8080-exec-7 2
192.168.31.166 - - [19/Jul/2017:15:43:07 +0800] "POST /external/getLoginQRCode?uid=bab17cd0-d2ed-41a6-879e-996389f7cd82&authKey=C6730C3F4FFE447E4862F2E390813F69BA2710A2A662EF0C9EF3C1FE04A0A6BE19E6FE5AED33095923000A2506403558&qid=cebc6fc7128e4c2c84c7f1f547a644aa HTTP/1.1" 200 158 http-bio-8080-exec-9 6
192.168.31.166 - - [19/Jul/2017:15:43:07 +0800] "POST /external/getLoginQRCode?uid=bab17cd0-d2ed-41a6-879e-996389f7cd82&authKey=C6730C3F4FFE447E4862F2E390813F69BA2710A2A662EF0C9EF3C1FE04A0A6BE19E6FE5AED33095923000A2506403558&qid=5565ef680385464eabb52ca2cbbd739c HTTP/1.1" 200 158 http-bio-8080-exec-2 3
192.168.31.166 - - [19/Jul/2017:15:43:07 +0800] "POST /external/getLoginQRCode?uid=bab17cd0-d2ed-41a6-879e-996389f7cd82&authKey=C6730C3F4FFE447E4862F2E390813F69BA2710A2A662EF0C9EF3C1FE04A0A6BE19E6FE5AED33095923000A2506403558&qid=b997ed1f927b471aa564af4a86f37fc7 HTTP/1.1" 200 158 http-bio-8080-exec-1 4
192.168.31.166 - - [19/Jul/2017:15:43:07 +0800] "POST /external/getLoginQRCode?uid=bab17cd0-d2ed-41a6-879e-996389f7cd82&authKey=C6730C3F4FFE447E4862F2E390813F69BA2710A2A662EF0C9EF3C1FE04A0A6BE19E6FE5AED33095923000A2506403558&qid=c6a62de97fec4af2abeee1eda4da636f HTTP/1.1" 200 158 http-bio-8080-exec-10 3
192.168.31.166 - - [19/Jul/2017:15:43:07 +0800] "POST /external/getLoginQRCode?uid=bab17cd0-d2ed-41a6-879e-996389f7cd82&authKey=C6730C3F4FFE447E4862F2E390813F69BA2710A2A662EF0C9EF3C1FE04A0A6BE19E6FE5AED33095923000A2506403558&qid=0af2f3ddbfa145539ffc2969da4206ef HTTP/1.1" 200 158 http-bio-8080-exec-8 3
192.168.31.166 - - [19/Jul/2017:15:43:07 +0800] "POST /external/getLoginQRCode?uid=bab17cd0-d2ed-41a6-879e-996389f7cd82&authKey=C6730C3F4FFE447E4862F2E390813F69BA2710A2A662EF0C9EF3C1FE04A0A6BE19E6FE5AED33095923000A2506403558&qid=cd442b382a9d487ab6cf06646e18d42e HTTP/1.1" 200 158 http-bio-8080-exec-3 3
192.168.31.166 - - [19/Jul/2017:15:43:07 +0800] "POST /external/getLoginQRCode?uid=bab17cd0-d2ed-41a6-879e-996389f7cd82&authKey=C6730C3F4FFE447E4862F2E390813F69BA2710A2A662EF0C9EF3C1FE04A0A6BE19E6FE5AED33095923000A2506403558&qid=02a1e4f072f741b1be4770956318157e HTTP/1.1" 200 158 http-bio-8080-exec-5 2
192.168.31.166 - - [19/Jul/2017:15:43:08 +0800] "POST /external/web/loginByQrCode?uid=bab17cd0-d2ed-41a6-879e-996389f7cd82&authKey=C6730C3F4FFE447E4862F2E390813F69BA2710A2A662EF0C9EF3C1FE04A0A6BE19E6FE5AED33095923000A2506403558&qid=c6d8c464b18945bc99ef3428995d6874 HTTP/1.1" 200 128 http-bio-8080-exec-6 3
192.168.31.166 - - [19/Jul/2017:15:43:08 +0800] "POST /external/getLoginQRCode?uid=bab17cd0-d2ed-41a6-879e-996389f7cd82&authKey=C6730C3F4FFE447E4862F2E390813F69BA2710A2A662EF0C9EF3C1FE04A0A6BE19E6FE5AED33095923000A2506403558&qid=7a3ec8df9947409baf6374ed383e5d12 HTTP/1.1" 200 158 http-bio-8080-exec-4 3
192.168.31.166 - - [19/Jul/2017:15:43:11 +0800] "POST /external/web/loginByQrCode?uid=bab17cd0-d2ed-41a6-879e-996389f7cd82&authKey=C6730C3F4FFE447E4862F2E390813F69BA2710A2A662EF0C9EF3C1FE04A0A6BE19E6FE5AED33095923000A2506403558&qid=e0b64242d16b4b2396d45a122e36b098 HTTP/1.1" 200 128 http-bio-8080-exec-7 3
192.168.31.166 - - [19/Jul/2017:15:43:11 +0800] "POST /external/getLoginQRCode?uid=bab17cd0-d2ed-41a6-879e-996389f7cd82&authKey=C6730C3F4FFE447E4862F2E390813F69BA2710A2A662EF0C9EF3C1FE04A0A6BE19E6FE5AED33095923000A2506403558&qid=08ebc2ee15c04b95a602407c6fc99192 HTTP/1.1" 200 158 http-bio-8080-exec-9 2
192.168.31.166 - - [19/Jul/2017:15:43:14 +0800] "POST /external/web/loginByQrCode?uid=bab17cd0-d2ed-41a6-879e-996389f7cd82&authKey=C6730C3F4FFE447E4862F2E390813F69BA2710A2A662EF0C9EF3C1FE04A0A6BE19E6FE5AED33095923000A2506403558&qid=b094d738fc714807a7b54f335f8e44d7 HTTP/1.1" 200 128 http-bio-8080-exec-2 3
192.168.31.166 - - [19/Jul/2017:15:43:14 +0800] "POST /external/getLoginQRCode?uid=bab17cd0-d2ed-41a6-879e-996389f7cd82&authKey=C6730C3F4FFE447E4862F2E390813F69BA2710A2A662EF0C9EF3C1FE04A0A6BE19E6FE5AED33095923000A2506403558&qid=8bcc27416f48432dbc27c732b2ea9fd8 HTTP/1.1" 200 158 http-bio-8080-exec-1 3
192.168.31.166 - - [19/Jul/2017:15:43:17 +0800] "POST /external/web/loginByQrCode?uid=bab17cd0-d2ed-41a6-879e-996389f7cd82&authKey=C6730C3F4FFE447E4862F2E390813F69BA2710A2A662EF0C9EF3C1FE04A0A6BE19E6FE5AED33095923000A2506403558&qid=891a04b3eefe4a4dbf55a8f18ecf5bbc HTTP/1.1" 200 128 http-bio-8080-exec-10 3
192.168.31.166 - - [19/Jul/2017:15:43:17 +0800] "POST /external/getLoginQRCode?uid=bab17cd0-d2ed-41a6-879e-996389f7cd82&authKey=C6730C3F4FFE447E4862F2E390813F69BA2710A2A662EF0C9EF3C1FE04A0A6BE19E6FE5AED33095923000A2506403558&qid=631bf691dda2475d92b438dd843512d0 HTTP/1.1" 200 158 http-bio-8080-exec-8 4
192.168.31.166 - - [19/Jul/2017:15:43:20 +0800] "POST /external/web/loginByQrCode?uid=bab17cd0-d2ed-41a6-879e-996389f7cd82&authKey=C6730C3F4FFE447E4862F2E390813F69BA2710A2A662EF0C9EF3C1FE04A0A6BE19E6FE5AED33095923000A2506403558&qid=ffa5e6531a484261848007696f3bc40a HTTP/1.1" 200 128 http-bio-8080-exec-3 3
192.168.31.166 - - [19/Jul/2017:15:43:20 +0800] "POST /external/getLoginQRCode?uid=bab17cd0-d2ed-41a6-879e-996389f7cd82&authKey=C6730C3F4FFE447E4862F2E390813F69BA2710A2A662EF0C9EF3C1FE04A0A6BE19E6FE5AED33095923000A2506403558&qid=477d8ded6fd44b3e8f7e09f1ac246006 HTTP/1.1" 200 158 http-bio-8080-exec-5 3
192.168.31.166 - - [19/Jul/2017:15:43:23 +0800] "POST /external/web/loginByQrCode?uid=bab17cd0-d2ed-41a6-879e-996389f7cd82&authKey=C6730C3F4FFE447E4862F2E390813F69BA2710A2A662EF0C9EF3C1FE04A0A6BE19E6FE5AED33095923000A2506403558&qid=8605b5835e65476fb841d1d060840f22 HTTP/1.1" 200 128 http-bio-8080-exec-6 2
192.168.31.166 - - [19/Jul/2017:15:43:23 +0800] "POST /external/getLoginQRCode?uid=bab17cd0-d2ed-41a6-879e-996389f7cd82&authKey=C6730C3F4FFE447E4862F2E390813F69BA2710A2A662EF0C9EF3C1FE04A0A6BE19E6FE5AED33095923000A2506403558&qid=49bba384084440d4b3326ed9ca355bc7 HTTP/1.1" 200 158 http-bio-8080-exec-4 3
192.168.31.166 - - [19/Jul/2017:15:43:26 +0800] "POST /external/web/loginByQrCode?uid=bab17cd0-d2ed-41a6-879e-996389f7cd82&authKey=C6730C3F4FFE447E4862F2E390813F69BA2710A2A662EF0C9EF3C1FE04A0A6BE19E6FE5AED33095923000A2506403558&qid=4f18c01777874a598bc3b98c17346ab2 HTTP/1.1" 200 128 http-bio-8080-exec-7 2
192.168.31.166 - - [19/Jul/2017:15:43:26 +0800] "POST /external/getLoginQRCode?uid=bab17cd0-d2ed-41a6-879e-996389f7cd82&authKey=C6730C3F4FFE447E4862F2E390813F69BA2710A2A662EF0C9EF3C1FE04A0A6BE19E6FE5AED33095923000A2506403558&qid=75971e45d185401cb94af890cfb4790b HTTP/1.1" 200 158 http-bio-8080-exec-9 2
192.168.31.166 - - [19/Jul/2017:15:43:29 +0800] "POST /external/web/loginByQrCode?uid=bab17cd0-d2ed-41a6-879e-996389f7cd82&authKey=C6730C3F4FFE447E4862F2E390813F69BA2710A2A662EF0C9EF3C1FE04A0A6BE19E6FE5AED33095923000A2506403558&qid=d43c908d317940c391df6bb13b4a2073 HTTP/1.1" 200 128 http-bio-8080-exec-2 4
192.168.31.166 - - [19/Jul/2017:15:43:29 +0800] "POST /external/getLoginQRCode?uid=bab17cd0-d2ed-41a6-879e-996389f7cd82&authKey=C6730C3F4FFE447E4862F2E390813F69BA2710A2A662EF0C9EF3C1FE04A0A6BE19E6FE5AED33095923000A2506403558&qid=3f25cd4ac6844d358a5949c7a942ee5c HTTP/1.1" 200 158 http-bio-8080-exec-1 2
192.168.31.166 - - [19/Jul/2017:15:43:32 +0800] "POST /external/web/loginByQrCode?uid=bab17cd0-d2ed-41a6-879e-996389f7cd82&authKey=C6730C3F4FFE447E4862F2E390813F69BA2710A2A662EF0C9EF3C1FE04A0A6BE19E6FE5AED33095923000A2506403558&qid=0426bdf966694e4884db3c93e1fc1ab7 HTTP/1.1" 200 128 http-bio-8080-exec-10 3
192.168.31.166 - - [19/Jul/2017:15:43:32 +0800] "POST /external/getLoginQRCode?uid=bab17cd0-d2ed-41a6-879e-996389f7cd82&authKey=C6730C3F4FFE447E4862F2E390813F69BA2710A2A662EF0C9EF3C1FE04A0A6BE19E6FE5AED33095923000A2506403558&qid=7b7567240eef4187bd9b6750672fdcbe HTTP/1.1" 200 158 http-bio-8080-exec-8 2
192.168.31.166 - - [19/Jul/2017:15:43:35 +0800] "POST /external/web/loginByQrCode?uid=bab17cd0-d2ed-41a6-879e-996389f7cd82&authKey=C6730C3F4FFE447E4862F2E390813F69BA2710A2A662EF0C9EF3C1FE04A0A6BE19E6FE5AED33095923000A2506403558&qid=261cfc58cabb44819da93a72230ab51d HTTP/1.1" 200 128 http-bio-8080-exec-3 3
192.168.31.166 - - [19/Jul/2017:15:43:35 +0800] "POST /external/getLoginQRCode?uid=bab17cd0-d2ed-41a6-879e-996389f7cd82&authKey=C6730C3F4FFE447E4862F2E390813F69BA2710A2A662EF0C9EF3C1FE04A0A6BE19E6FE5AED33095923000A2506403558&qid=5922edc52e8540f8b2ff341d87e8f949 HTTP/1.1" 200 158 http-bio-8080-exec-5 2
192.168.31.166 - - [19/Jul/2017:15:43:38 +0800] "POST /external/web/loginByQrCode?uid=bab17cd0-d2ed-41a6-879e-996389f7cd82&authKey=C6730C3F4FFE447E4862F2E390813F69BA2710A2A662EF0C9EF3C1FE04A0A6BE19E6FE5AED33095923000A2506403558&qid=ba5f120efb0b46ae8e6a1833a5f530be HTTP/1.1" 200 128 http-bio-8080-exec-6 2
192.168.31.166 - - [19/Jul/2017:15:43:38 +0800] "POST /external/getLoginQRCode?uid=bab17cd0-d2ed-41a6-879e-996389f7cd82&authKey=C6730C3F4FFE447E4862F2E390813F69BA2710A2A662EF0C9EF3C1FE04A0A6BE19E6FE5AED33095923000A2506403558&qid=f1d46c09907f420d85471c050ba2cb11 HTTP/1.1" 200 158 http-bio-8080-exec-4 2
192.168.31.166 - - [19/Jul/2017:15:43:41 +0800] "POST /external/web/loginByQrCode?uid=bab17cd0-d2ed-41a6-879e-996389f7cd82&authKey=C6730C3F4FFE447E4862F2E390813F69BA2710A2A662EF0C9EF3C1FE04A0A6BE19E6FE5AED33095923000A2506403558&qid=75058d8f5e3c4370ad55b9f658242fd0 HTTP/1.1" 200 128 http-bio-8080-exec-7 3
192.168.31.166 - - [19/Jul/2017:15:43:41 +0800] "POST /external/getLoginQRCode?uid=bab17cd0-d2ed-41a6-879e-996389f7cd82&authKey=C6730C3F4FFE447E4862F2E390813F69BA2710A2A662EF0C9EF3C1FE04A0A6BE19E6FE5AED33095923000A2506403558&qid=c2357a2ff5334dd4addfa31705d32cbc HTTP/1.1" 200 158 http-bio-8080-exec-9 3
192.168.31.166 - - [19/Jul/2017:15:43:44 +0800] "POST /external/web/loginByQrCode?uid=bab17cd0-d2ed-41a6-879e-996389f7cd82&authKey=C6730C3F4FFE447E4862F2E390813F69BA2710A2A662EF0C9EF3C1FE04A0A6BE19E6FE5AED33095923000A2506403558&qid=3fdc1b864b9546f9b25f0f539f727251 HTTP/1.1" 200 128 http-bio-8080-exec-2 4
192.168.31.166 - - [19/Jul/2017:15:43:44 +0800] "POST /external/getLoginQRCode?uid=bab17cd0-d2ed-41a6-879e-996389f7cd82&authKey=C6730C3F4FFE447E4862F2E390813F69BA2710A2A662EF0C9EF3C1FE04A0A6BE19E6FE5AED33095923000A2506403558&qid=bd56ae7b6a7b419bb4d879ae9d52dd81 HTTP/1.1" 200 158 http-bio-8080-exec-1 2
192.168.31.166 - - [19/Jul/2017:15:43:47 +0800] "POST /external/web/loginByQrCode?uid=bab17cd0-d2ed-41a6-879e-996389f7cd82&authKey=C6730C3F4FFE447E4862F2E390813F69BA2710A2A662EF0C9EF3C1FE04A0A6BE19E6FE5AED33095923000A2506403558&qid=54d038d19f3b4bc9997d3964f72c7992 HTTP/1.1" 200 128 http-bio-8080-exec-10 2
192.168.31.166 - - [19/Jul/2017:15:43:47 +0800] "POST /external/getLoginQRCode?uid=bab17cd0-d2ed-41a6-879e-996389f7cd82&authKey=C6730C3F4FFE447E4862F2E390813F69BA2710A2A662EF0C9EF3C1FE04A0A6BE19E6FE5AED33095923000A2506403558&qid=0ef39a974de4475b9e230fcc8d94c28d HTTP/1.1" 200 158 http-bio-8080-exec-8 3
