192.168.31.166 - - [19/Jul/2017:16:04:09 +0800] "POST /external/web/loginByQrCode?uid=bab17cd0-d2ed-41a6-879e-996389f7cd82&authKey=C6730C3F4FFE447E4862F2E390813F69BA2710A2A662EF0C9EF3C1FE04A0A6BE19E6FE5AED33095923000A2506403558&qid=78e00b0faf8d4a738e3eea32665bdeae HTTP/1.1" 200 410 http-bio-8080-exec-4 35
192.168.31.166 - - [19/Jul/2017:16:04:11 +0800] "POST /external/ticket/getDoctorInfo?uid=bab17cd0-d2ed-41a6-879e-996389f7cd82&authKey=C6730C3F4FFE447E4862F2E390813F69BA2710A2A662EF0C9EF3C1FE04A0A6BE19E6FE5AED33095923000A2506403558&qid=bc77875372bf4412bf84e9be694a9765 HTTP/1.1" 200 466 http-bio-8080-exec-10 68
192.168.31.166 - - [19/Jul/2017:16:05:17 +0800] "POST /external/tlm/bindTVNum?uid=bab17cd0-d2ed-41a6-879e-996389f7cd82&authKey=C6730C3F4FFE447E4862F2E390813F69BA2710A2A662EF0C9EF3C1FE04A0A6BE19E6FE5AED33095923000A2506403558&qid=43c5c90b72c04aa8ada455d84ccb3d53 HTTP/1.1" 200 124 http-bio-8080-exec-5 159
192.168.31.166 - - [19/Jul/2017:16:14:41 +0800] "POST /external/getLoginQRCode?uid=bab17cd0-d2ed-41a6-879e-996389f7cd82&authKey=C6730C3F4FFE447E4862F2E390813F69BA2710A2A662EF0C9EF3C1FE04A0A6BE19E6FE5AED33095923000A2506403558&qid=17f7b05e33ff4b859a5d786cf15b7799 HTTP/1.1" 200 158 http-bio-8080-exec-7 3
192.168.31.166 - - [19/Jul/2017:16:18:08 +0800] "POST /external/tlm/getTeleClinics?uid=bab17cd0-d2ed-41a6-879e-996389f7cd82&authKey=C6730C3F4FFE447E4862F2E390813F69BA2710A2A662EF0C9EF3C1FE04A0A6BE19E6FE5AED33095923000A2506403558&qid=c9096a1c00c146e3b0de827992beb0dd HTTP/1.1" 200 1900 http-bio-8080-exec-8 40
192.168.31.198 - - [19/Jul/2017:16:24:32 +0800] "POST /external/tlm/getContactsList?authKey=3D3F37957A417926F794D37461356EA859D3B58A84B83CFE2C5FAB2A0F419591A66C48B3090B08D431365B3031C7EFF3&uid=bb08d0db-b759-43ec-830b-8b10e202e228&qid=1dd1359dd33344d78d666296db3e2141 HTTP/1.1" 200 1032 http-bio-8080-exec-1 1427
192.168.31.198 - - [19/Jul/2017:16:24:38 +0800] "POST /external/loginByPwd?authKey=3D3F37957A417926F794D37461356EA859D3B58A84B83CFE2C5FAB2A0F419591A66C48B3090B08D431365B3031C7EFF3&uid=bb08d0db-b759-43ec-830b-8b10e202e228&qid=acabcf451a084bba981f611cd58538d6 HTTP/1.1" 200 471 http-bio-8080-exec-3 413
192.168.31.198 - - [19/Jul/2017:16:24:39 +0800] "POST /external/ticket/getDoctorInfo?authKey=3D3F37957A417926F794D37461356EA859D3B58A84B83CFE2C5FAB2A0F419591A66C48B3090B08D431365B3031C7EFF3&uid=bb08d0db-b759-43ec-830b-8b10e202e228&qid=c9c12fe6dddb45678a728b89a969db5a HTTP/1.1" 200 466 http-bio-8080-exec-4 74
192.168.31.198 - - [19/Jul/2017:16:25:25 +0800] "POST /external/tlm/getTeleClinics?authKey=3D3F37957A417926F794D37461356EA859D3B58A84B83CFE2C5FAB2A0F419591A66C48B3090B08D431365B3031C7EFF3&uid=bb08d0db-b759-43ec-830b-8b10e202e228&qid=e834db876f3046b4a672741969eaa218 HTTP/1.1" 200 1900 http-bio-8080-exec-5 91
192.168.31.198 - - [19/Jul/2017:16:25:26 +0800] "POST /external/tlm/getContactsList?authKey=3D3F37957A417926F794D37461356EA859D3B58A84B83CFE2C5FAB2A0F419591A66C48B3090B08D431365B3031C7EFF3&uid=bb08d0db-b759-43ec-830b-8b10e202e228&qid=9a2c1b88fe7b48298efe49a60f26fdb8 HTTP/1.1" 200 1032 http-bio-8080-exec-6 186
192.168.31.166 - - [19/Jul/2017:16:25:36 +0800] "POST /external/tlm/getTeleClinics?uid=bab17cd0-d2ed-41a6-879e-996389f7cd82&authKey=C6730C3F4FFE447E4862F2E390813F69BA2710A2A662EF0C9EF3C1FE04A0A6BE19E6FE5AED33095923000A2506403558&qid=ad018ca2d623453ab4e9ec9f0caa5bd1 HTTP/1.1" 200 1900 http-bio-8080-exec-8 43
192.168.31.166 - - [19/Jul/2017:16:25:48 +0800] "POST /external/tlm/unbindNum?uid=bab17cd0-d2ed-41a6-879e-996389f7cd82&authKey=C6730C3F4FFE447E4862F2E390813F69BA2710A2A662EF0C9EF3C1FE04A0A6BE19E6FE5AED33095923000A2506403558&qid=1dcd8c19e743452ba97ff6f49a102993 HTTP/1.1" 200 140 http-bio-8080-exec-9 99
192.168.31.166 - - [19/Jul/2017:16:26:19 +0800] "POST /external/tlm/getTeleClinics?uid=bab17cd0-d2ed-41a6-879e-996389f7cd82&authKey=C6730C3F4FFE447E4862F2E390813F69BA2710A2A662EF0C9EF3C1FE04A0A6BE19E6FE5AED33095923000A2506403558&qid=ebc859de53f546489d346cc08aa5f028 HTTP/1.1" 200 1900 http-bio-8080-exec-10 39
192.168.31.166 - - [19/Jul/2017:16:26:22 +0800] "POST /external/getLoginQRCode?uid=bab17cd0-d2ed-41a6-879e-996389f7cd82&authKey=C6730C3F4FFE447E4862F2E390813F69BA2710A2A662EF0C9EF3C1FE04A0A6BE19E6FE5AED33095923000A2506403558&qid=c7617dba503d429e80193b7e01ead606 HTTP/1.1" 200 158 http-bio-8080-exec-1 6
192.168.31.166 - - [19/Jul/2017:16:26:22 +0800] "POST /external/web/loginByQrCode?uid=bab17cd0-d2ed-41a6-879e-996389f7cd82&authKey=C6730C3F4FFE447E4862F2E390813F69BA2710A2A662EF0C9EF3C1FE04A0A6BE19E6FE5AED33095923000A2506403558&qid=2a9c90056b6a4d36ba2bff8d5c1d14e7 HTTP/1.1" 200 112 http-bio-8080-exec-2 7
192.168.31.166 - - [19/Jul/2017:16:26:25 +0800] "POST /external/web/loginByQrCode?uid=bab17cd0-d2ed-41a6-879e-996389f7cd82&authKey=C6730C3F4FFE447E4862F2E390813F69BA2710A2A662EF0C9EF3C1FE04A0A6BE19E6FE5AED33095923000A2506403558&qid=f796a8168eef4a35b46339bb7750c7fc HTTP/1.1" 200 112 http-bio-8080-exec-3 4
192.168.31.166 - - [19/Jul/2017:16:26:28 +0800] "POST /external/web/loginByQrCode?uid=bab17cd0-d2ed-41a6-879e-996389f7cd82&authKey=C6730C3F4FFE447E4862F2E390813F69BA2710A2A662EF0C9EF3C1FE04A0A6BE19E6FE5AED33095923000A2506403558&qid=5d7476994d694921a09b30c66ae383ec HTTP/1.1" 200 112 http-bio-8080-exec-4 3
192.168.31.166 - - [19/Jul/2017:16:26:32 +0800] "POST /external/web/loginByQrCode?uid=bab17cd0-d2ed-41a6-879e-996389f7cd82&authKey=C6730C3F4FFE447E4862F2E390813F69BA2710A2A662EF0C9EF3C1FE04A0A6BE19E6FE5AED33095923000A2506403558&qid=71f69e848a854acca112f38dca2eac12 HTTP/1.1" 200 112 http-bio-8080-exec-5 4
192.168.31.166 - - [19/Jul/2017:16:26:35 +0800] "POST /external/web/loginByQrCode?uid=bab17cd0-d2ed-41a6-879e-996389f7cd82&authKey=C6730C3F4FFE447E4862F2E390813F69BA2710A2A662EF0C9EF3C1FE04A0A6BE19E6FE5AED33095923000A2506403558&qid=a25c103d262240099aa293ddeee5705a HTTP/1.1" 200 112 http-bio-8080-exec-6 3
192.168.31.166 - - [19/Jul/2017:16:26:38 +0800] "POST /external/web/loginByQrCode?uid=bab17cd0-d2ed-41a6-879e-996389f7cd82&authKey=C6730C3F4FFE447E4862F2E390813F69BA2710A2A662EF0C9EF3C1FE04A0A6BE19E6FE5AED33095923000A2506403558&qid=7f4092e3dc184ad9b7feca20d9832b74 HTTP/1.1" 200 112 http-bio-8080-exec-8 3
192.168.31.166 - - [19/Jul/2017:16:26:40 +0800] "POST /external/web/loginByQrCode?uid=bab17cd0-d2ed-41a6-879e-996389f7cd82&authKey=C6730C3F4FFE447E4862F2E390813F69BA2710A2A662EF0C9EF3C1FE04A0A6BE19E6FE5AED33095923000A2506403558&qid=3efed9a6ab214e4aa51f911cd2480933 HTTP/1.1" 200 112 http-bio-8080-exec-9 4
192.168.31.166 - - [19/Jul/2017:16:26:44 +0800] "POST /external/web/loginByQrCode?uid=bab17cd0-d2ed-41a6-879e-996389f7cd82&authKey=C6730C3F4FFE447E4862F2E390813F69BA2710A2A662EF0C9EF3C1FE04A0A6BE19E6FE5AED33095923000A2506403558&qid=9ac50e83729746aa8d60e73fbb78427d HTTP/1.1" 200 112 http-bio-8080-exec-10 3
192.168.31.166 - - [19/Jul/2017:16:26:46 +0800] "POST /external/web/loginByQrCode?uid=bab17cd0-d2ed-41a6-879e-996389f7cd82&authKey=C6730C3F4FFE447E4862F2E390813F69BA2710A2A662EF0C9EF3C1FE04A0A6BE19E6FE5AED33095923000A2506403558&qid=77d3aea995be46828b58cb15c8806aac HTTP/1.1" 200 112 http-bio-8080-exec-1 7
192.168.31.166 - - [19/Jul/2017:16:26:50 +0800] "POST /external/web/loginByQrCode?uid=bab17cd0-d2ed-41a6-879e-996389f7cd82&authKey=C6730C3F4FFE447E4862F2E390813F69BA2710A2A662EF0C9EF3C1FE04A0A6BE19E6FE5AED33095923000A2506403558&qid=4e9b0288036949658c1f8a4448eb3c9c HTTP/1.1" 200 112 http-bio-8080-exec-2 5
192.168.31.198 - - [19/Jul/2017:16:26:52 +0800] "POST /external/ticket/loginByQrCode?authKey=3D3F37957A417926F794D37461356EA859D3B58A84B83CFE2C5FAB2A0F419591A66C48B3090B08D431365B3031C7EFF3&uid=bb08d0db-b759-43ec-830b-8b10e202e228&qid=a8e31ea8f5d14f1683a38d2a5fda9c1a HTTP/1.1" 200 114 http-bio-8080-exec-3 5
192.168.31.166 - - [19/Jul/2017:16:26:53 +0800] "POST /external/web/loginByQrCode?uid=bab17cd0-d2ed-41a6-879e-996389f7cd82&authKey=C6730C3F4FFE447E4862F2E390813F69BA2710A2A662EF0C9EF3C1FE04A0A6BE19E6FE5AED33095923000A2506403558&qid=47aee4473dfe4857a70310bcb95997f8 HTTP/1.1" 200 410 http-bio-8080-exec-4 36
192.168.31.166 - - [19/Jul/2017:16:26:53 +0800] "POST /external/ticket/getDoctorInfo?uid=bab17cd0-d2ed-41a6-879e-996389f7cd82&authKey=C6730C3F4FFE447E4862F2E390813F69BA2710A2A662EF0C9EF3C1FE04A0A6BE19E6FE5AED33095923000A2506403558&qid=d3803c8da5ff44e18830d903329d37f5 HTTP/1.1" 200 466 http-bio-8080-exec-5 52
192.168.31.166 - - [19/Jul/2017:16:26:53 +0800] "POST /external/tlm/bindTVNum?uid=bab17cd0-d2ed-41a6-879e-996389f7cd82&authKey=C6730C3F4FFE447E4862F2E390813F69BA2710A2A662EF0C9EF3C1FE04A0A6BE19E6FE5AED33095923000A2506403558&qid=60e9669f86444249b7f47df789ffd47b HTTP/1.1" 200 124 http-bio-8080-exec-6 121
192.168.31.166 - - [19/Jul/2017:16:26:53 +0800] "POST /external/getLoginQRCode?uid=bab17cd0-d2ed-41a6-879e-996389f7cd82&authKey=C6730C3F4FFE447E4862F2E390813F69BA2710A2A662EF0C9EF3C1FE04A0A6BE19E6FE5AED33095923000A2506403558&qid=7f6c8fb4c1cf4fd185b3e86d960805d9 HTTP/1.1" 200 158 http-bio-8080-exec-8 5
192.168.31.166 - - [19/Jul/2017:16:27:34 +0800] "POST /external/tlm/getTeleClinics?uid=bab17cd0-d2ed-41a6-879e-996389f7cd82&authKey=C6730C3F4FFE447E4862F2E390813F69BA2710A2A662EF0C9EF3C1FE04A0A6BE19E6FE5AED33095923000A2506403558&qid=9b1fd7395a1f4f66a734ee9b5d0f72a5 HTTP/1.1" 200 1900 http-bio-8080-exec-10 66
192.168.31.166 - - [19/Jul/2017:16:27:37 +0800] "POST /external/getLoginQRCode?uid=bab17cd0-d2ed-41a6-879e-996389f7cd82&authKey=C6730C3F4FFE447E4862F2E390813F69BA2710A2A662EF0C9EF3C1FE04A0A6BE19E6FE5AED33095923000A2506403558&qid=566cdda7567f466e9c6e6a17af742196 HTTP/1.1" 200 158 http-bio-8080-exec-1 3
192.168.31.166 - - [19/Jul/2017:16:27:38 +0800] "POST /external/web/loginByQrCode?uid=bab17cd0-d2ed-41a6-879e-996389f7cd82&authKey=C6730C3F4FFE447E4862F2E390813F69BA2710A2A662EF0C9EF3C1FE04A0A6BE19E6FE5AED33095923000A2506403558&qid=a9ad5841e82c4a6c859699887e9f8038 HTTP/1.1" 200 112 http-bio-8080-exec-2 5
192.168.31.166 - - [19/Jul/2017:16:27:41 +0800] "POST /external/web/loginByQrCode?uid=bab17cd0-d2ed-41a6-879e-996389f7cd82&authKey=C6730C3F4FFE447E4862F2E390813F69BA2710A2A662EF0C9EF3C1FE04A0A6BE19E6FE5AED33095923000A2506403558&qid=d550a5cc59fe4b57bdac1e12872e9b0c HTTP/1.1" 200 112 http-bio-8080-exec-7 4
192.168.31.166 - - [19/Jul/2017:16:27:44 +0800] "POST /external/web/loginByQrCode?uid=bab17cd0-d2ed-41a6-879e-996389f7cd82&authKey=C6730C3F4FFE447E4862F2E390813F69BA2710A2A662EF0C9EF3C1FE04A0A6BE19E6FE5AED33095923000A2506403558&qid=2e73092b37e54d42b5e2cd33144cce46 HTTP/1.1" 200 112 http-bio-8080-exec-4 4
192.168.31.166 - - [19/Jul/2017:16:27:47 +0800] "POST /external/web/loginByQrCode?uid=bab17cd0-d2ed-41a6-879e-996389f7cd82&authKey=C6730C3F4FFE447E4862F2E390813F69BA2710A2A662EF0C9EF3C1FE04A0A6BE19E6FE5AED33095923000A2506403558&qid=a59a822b084e4157abf534491ab86ccd HTTP/1.1" 200 112 http-bio-8080-exec-5 3
192.168.31.198 - - [19/Jul/2017:16:27:47 +0800] "POST /external/ticket/loginByQrCode?authKey=3D3F37957A417926F794D37461356EA859D3B58A84B83CFE2C5FAB2A0F419591A66C48B3090B08D431365B3031C7EFF3&uid=bb08d0db-b759-43ec-830b-8b10e202e228&qid=426fcc80ce7f451baf826291d04bf6b3 HTTP/1.1" 200 114 http-bio-8080-exec-3 3
192.168.31.166 - - [19/Jul/2017:16:27:50 +0800] "POST /external/web/loginByQrCode?uid=bab17cd0-d2ed-41a6-879e-996389f7cd82&authKey=C6730C3F4FFE447E4862F2E390813F69BA2710A2A662EF0C9EF3C1FE04A0A6BE19E6FE5AED33095923000A2506403558&qid=43af7a4a63314f91a107449fb27037b0 HTTP/1.1" 200 410 http-bio-8080-exec-8 20
192.168.31.166 - - [19/Jul/2017:16:27:50 +0800] "POST /external/ticket/getDoctorInfo?uid=bab17cd0-d2ed-41a6-879e-996389f7cd82&authKey=C6730C3F4FFE447E4862F2E390813F69BA2710A2A662EF0C9EF3C1FE04A0A6BE19E6FE5AED33095923000A2506403558&qid=484b9338c7ab4a3193be5a6ed3e22997 HTTP/1.1" 200 466 http-bio-8080-exec-9 38
192.168.31.166 - - [19/Jul/2017:16:27:50 +0800] "POST /external/tlm/bindTVNum?uid=bab17cd0-d2ed-41a6-879e-996389f7cd82&authKey=C6730C3F4FFE447E4862F2E390813F69BA2710A2A662EF0C9EF3C1FE04A0A6BE19E6FE5AED33095923000A2506403558&qid=57bd78246ef5474286680bc68f36f584 HTTP/1.1" 200 124 http-bio-8080-exec-10 79
192.168.31.166 - - [19/Jul/2017:16:27:50 +0800] "POST /external/getLoginQRCode?uid=bab17cd0-d2ed-41a6-879e-996389f7cd82&authKey=C6730C3F4FFE447E4862F2E390813F69BA2710A2A662EF0C9EF3C1FE04A0A6BE19E6FE5AED33095923000A2506403558&qid=0257a65826514c7ead3c5510c6012c38 HTTP/1.1" 200 158 http-bio-8080-exec-1 3
192.168.31.198 - - [19/Jul/2017:16:29:51 +0800] "POST /external/loginByPwd?authKey=3D3F37957A417926F794D37461356EA859D3B58A84B83CFE2C5FAB2A0F419591A66C48B3090B08D431365B3031C7EFF3&uid=bb08d0db-b759-43ec-830b-8b10e202e228&qid=275932d249994630b20fc99d5e2e5375 HTTP/1.1" 200 471 http-bio-8080-exec-1 1126
192.168.31.198 - - [19/Jul/2017:16:29:51 +0800] "POST /external/ticket/getDoctorInfo?authKey=3D3F37957A417926F794D37461356EA859D3B58A84B83CFE2C5FAB2A0F419591A66C48B3090B08D431365B3031C7EFF3&uid=bb08d0db-b759-43ec-830b-8b10e202e228&qid=c55a19746a5241858b4edc791608be50 HTTP/1.1" 200 466 http-bio-8080-exec-2 322
192.168.31.166 - - [19/Jul/2017:16:29:56 +0800] "POST /external/tlm/getTeleClinics?uid=bab17cd0-d2ed-41a6-879e-996389f7cd82&authKey=C6730C3F4FFE447E4862F2E390813F69BA2710A2A662EF0C9EF3C1FE04A0A6BE19E6FE5AED33095923000A2506403558&qid=d28d2aeed5e64217ae77f544f4fffbb3 HTTP/1.1" 200 1900 http-bio-8080-exec-5 119
192.168.31.166 - - [19/Jul/2017:16:29:59 +0800] "POST /external/getLoginQRCode?uid=bab17cd0-d2ed-41a6-879e-996389f7cd82&authKey=C6730C3F4FFE447E4862F2E390813F69BA2710A2A662EF0C9EF3C1FE04A0A6BE19E6FE5AED33095923000A2506403558&qid=9c97ca3d7aea48b093668c0f437ffca8 HTTP/1.1" 200 158 http-bio-8080-exec-6 6
192.168.31.166 - - [19/Jul/2017:16:30:15 +0800] "POST /external/web/loginByQrCode?uid=bab17cd0-d2ed-41a6-879e-996389f7cd82&authKey=C6730C3F4FFE447E4862F2E390813F69BA2710A2A662EF0C9EF3C1FE04A0A6BE19E6FE5AED33095923000A2506403558&qid=d0ab40d81fda41b4bc9c2f79485805c4 HTTP/1.1" 200 112 http-bio-8080-exec-7 15723
192.168.31.198 - - [19/Jul/2017:16:30:18 +0800] "POST /external/ticket/loginByQrCode?authKey=3D3F37957A417926F794D37461356EA859D3B58A84B83CFE2C5FAB2A0F419591A66C48B3090B08D431365B3031C7EFF3&uid=bb08d0db-b759-43ec-830b-8b10e202e228&qid=ec3c3d4cb8254ff6a6dd5bb8483e2d12 HTTP/1.1" 200 114 http-bio-8080-exec-3 2665
192.168.31.166 - - [19/Jul/2017:16:30:18 +0800] "POST /external/web/loginByQrCode?uid=bab17cd0-d2ed-41a6-879e-996389f7cd82&authKey=C6730C3F4FFE447E4862F2E390813F69BA2710A2A662EF0C9EF3C1FE04A0A6BE19E6FE5AED33095923000A2506403558&qid=c1440d5332e147a6aeaad4ed57cd2900 HTTP/1.1" 200 410 http-bio-8080-exec-9 2688
192.168.31.166 - - [19/Jul/2017:16:30:18 +0800] "POST /external/web/loginByQrCode?uid=bab17cd0-d2ed-41a6-879e-996389f7cd82&authKey=C6730C3F4FFE447E4862F2E390813F69BA2710A2A662EF0C9EF3C1FE04A0A6BE19E6FE5AED33095923000A2506403558&qid=0a01955e7dc94c59ba867ca72cab74cb HTTP/1.1" 200 410 http-bio-8080-exec-7 2679
192.168.31.166 - - [19/Jul/2017:16:30:18 +0800] "POST /external/web/loginByQrCode?uid=bab17cd0-d2ed-41a6-879e-996389f7cd82&authKey=C6730C3F4FFE447E4862F2E390813F69BA2710A2A662EF0C9EF3C1FE04A0A6BE19E6FE5AED33095923000A2506403558&qid=b9de2615941843f5af27f196ebde7596 HTTP/1.1" 200 410 http-bio-8080-exec-2 39
192.168.31.166 - - [19/Jul/2017:16:30:18 +0800] "POST /external/web/loginByQrCode?uid=bab17cd0-d2ed-41a6-879e-996389f7cd82&authKey=C6730C3F4FFE447E4862F2E390813F69BA2710A2A662EF0C9EF3C1FE04A0A6BE19E6FE5AED33095923000A2506403558&qid=36b7cd4e1087474e89d5a5662382f2dd HTTP/1.1" 200 410 http-bio-8080-exec-8 2701
192.168.31.166 - - [19/Jul/2017:16:30:18 +0800] "POST /external/web/loginByQrCode?uid=bab17cd0-d2ed-41a6-879e-996389f7cd82&authKey=C6730C3F4FFE447E4862F2E390813F69BA2710A2A662EF0C9EF3C1FE04A0A6BE19E6FE5AED33095923000A2506403558&qid=4e4459feebb84cca8d59443b7237326f HTTP/1.1" 200 410 http-bio-8080-exec-10 48
192.168.31.166 - - [19/Jul/2017:16:30:18 +0800] "POST /external/web/loginByQrCode?uid=bab17cd0-d2ed-41a6-879e-996389f7cd82&authKey=C6730C3F4FFE447E4862F2E390813F69BA2710A2A662EF0C9EF3C1FE04A0A6BE19E6FE5AED33095923000A2506403558&qid=30a8f3b5f4984788a60ecab0bb275393 HTTP/1.1" 200 410 http-bio-8080-exec-5 36
192.168.31.166 - - [19/Jul/2017:16:30:18 +0800] "POST /external/ticket/getDoctorInfo?uid=bab17cd0-d2ed-41a6-879e-996389f7cd82&authKey=C6730C3F4FFE447E4862F2E390813F69BA2710A2A662EF0C9EF3C1FE04A0A6BE19E6FE5AED33095923000A2506403558&qid=ec2cf18641fd4487a04e1a3d6d239976 HTTP/1.1" 200 466 http-bio-8080-exec-6 74
192.168.31.166 - - [19/Jul/2017:16:30:18 +0800] "POST /external/ticket/getDoctorInfo?uid=bab17cd0-d2ed-41a6-879e-996389f7cd82&authKey=C6730C3F4FFE447E4862F2E390813F69BA2710A2A662EF0C9EF3C1FE04A0A6BE19E6FE5AED33095923000A2506403558&qid=dec2182f0cd44c2c88bf65089761dbee HTTP/1.1" 200 466 http-bio-8080-exec-1 84
192.168.31.166 - - [19/Jul/2017:16:30:18 +0800] "POST /external/ticket/getDoctorInfo?uid=bab17cd0-d2ed-41a6-879e-996389f7cd82&authKey=C6730C3F4FFE447E4862F2E390813F69BA2710A2A662EF0C9EF3C1FE04A0A6BE19E6FE5AED33095923000A2506403558&qid=bea166a3e7904c62b49ecafba5f7825c HTTP/1.1" 200 466 http-bio-8080-exec-9 64
192.168.31.166 - - [19/Jul/2017:16:30:18 +0800] "POST /external/ticket/getDoctorInfo?uid=bab17cd0-d2ed-41a6-879e-996389f7cd82&authKey=C6730C3F4FFE447E4862F2E390813F69BA2710A2A662EF0C9EF3C1FE04A0A6BE19E6FE5AED33095923000A2506403558&qid=71cab90b4dee454fadf04cf45f879a07 HTTP/1.1" 200 466 http-bio-8080-exec-7 77
192.168.31.166 - - [19/Jul/2017:16:30:18 +0800] "POST /external/ticket/getDoctorInfo?uid=bab17cd0-d2ed-41a6-879e-996389f7cd82&authKey=C6730C3F4FFE447E4862F2E390813F69BA2710A2A662EF0C9EF3C1FE04A0A6BE19E6FE5AED33095923000A2506403558&qid=8c4e03eee1f547ffae0868bfb662da73 HTTP/1.1" 200 466 http-bio-8080-exec-4 94
192.168.31.166 - - [19/Jul/2017:16:30:23 +0800] "POST /external/ticket/getDoctorInfo?uid=bab17cd0-d2ed-41a6-879e-996389f7cd82&authKey=C6730C3F4FFE447E4862F2E390813F69BA2710A2A662EF0C9EF3C1FE04A0A6BE19E6FE5AED33095923000A2506403558&qid=d0f7c8cc0d4e47dea9ef6d861fc20329 HTTP/1.1" 200 466 http-bio-8080-exec-2 4885
192.168.31.166 - - [19/Jul/2017:16:30:32 +0800] "POST /external/tlm/bindTVNum?uid=bab17cd0-d2ed-41a6-879e-996389f7cd82&authKey=C6730C3F4FFE447E4862F2E390813F69BA2710A2A662EF0C9EF3C1FE04A0A6BE19E6FE5AED33095923000A2506403558&qid=02740184d1cf4a4a9db9db5289ed7c91 HTTP/1.1" 200 124 http-bio-8080-exec-10 13955
192.168.31.166 - - [19/Jul/2017:16:30:32 +0800] "POST /external/tlm/bindTVNum?uid=bab17cd0-d2ed-41a6-879e-996389f7cd82&authKey=C6730C3F4FFE447E4862F2E390813F69BA2710A2A662EF0C9EF3C1FE04A0A6BE19E6FE5AED33095923000A2506403558&qid=2c61949d0ea2453492ad43666521e482 HTTP/1.1" 200 124 http-bio-8080-exec-8 13982
192.168.31.166 - - [19/Jul/2017:16:30:39 +0800] "POST /external/tlm/bindTVNum?uid=bab17cd0-d2ed-41a6-879e-996389f7cd82&authKey=C6730C3F4FFE447E4862F2E390813F69BA2710A2A662EF0C9EF3C1FE04A0A6BE19E6FE5AED33095923000A2506403558&qid=df4606d01f244c88bb6a5c40c6da110e HTTP/1.1" 200 124 http-bio-8080-exec-6 20180
192.168.31.166 - - [19/Jul/2017:16:30:39 +0800] "POST /external/getLoginQRCode?uid=bab17cd0-d2ed-41a6-879e-996389f7cd82&authKey=C6730C3F4FFE447E4862F2E390813F69BA2710A2A662EF0C9EF3C1FE04A0A6BE19E6FE5AED33095923000A2506403558&qid=803ab579624d4d429910120511856247 HTTP/1.1" 200 158 http-bio-8080-exec-7 221
192.168.31.166 - - [19/Jul/2017:16:30:39 +0800] "POST /external/tlm/bindTVNum?uid=bab17cd0-d2ed-41a6-879e-996389f7cd82&authKey=C6730C3F4FFE447E4862F2E390813F69BA2710A2A662EF0C9EF3C1FE04A0A6BE19E6FE5AED33095923000A2506403558&qid=f29ef655d94c4b369e4b130e2119cec5 HTTP/1.1" 200 124 http-bio-8080-exec-1 7853
192.168.31.166 - - [19/Jul/2017:16:30:39 +0800] "POST /external/getLoginQRCode?uid=bab17cd0-d2ed-41a6-879e-996389f7cd82&authKey=C6730C3F4FFE447E4862F2E390813F69BA2710A2A662EF0C9EF3C1FE04A0A6BE19E6FE5AED33095923000A2506403558&qid=28d2979b195a4edab44d6972362934fa HTTP/1.1" 200 158 http-bio-8080-exec-4 7
192.168.31.166 - - [19/Jul/2017:16:30:43 +0800] "POST /external/getLoginQRCode?uid=bab17cd0-d2ed-41a6-879e-996389f7cd82&authKey=C6730C3F4FFE447E4862F2E390813F69BA2710A2A662EF0C9EF3C1FE04A0A6BE19E6FE5AED33095923000A2506403558&qid=a14b045780514e00b485427ecb048e85 HTTP/1.1" 200 158 http-bio-8080-exec-8 3
192.168.31.166 - - [19/Jul/2017:16:30:43 +0800] "POST /external/getLoginQRCode?uid=bab17cd0-d2ed-41a6-879e-996389f7cd82&authKey=C6730C3F4FFE447E4862F2E390813F69BA2710A2A662EF0C9EF3C1FE04A0A6BE19E6FE5AED33095923000A2506403558&qid=11e85f5911dd4961880ffa52181bbe24 HTTP/1.1" 200 158 http-bio-8080-exec-2 7
192.168.31.166 - - [19/Jul/2017:16:31:21 +0800] "POST /external/tlm/bindTVNum?uid=bab17cd0-d2ed-41a6-879e-996389f7cd82&authKey=C6730C3F4FFE447E4862F2E390813F69BA2710A2A662EF0C9EF3C1FE04A0A6BE19E6FE5AED33095923000A2506403558&qid=adec3db6d26841ad869cc977810ef0b3 HTTP/1.1" 200 124 http-bio-8080-exec-5 62232
192.168.31.166 - - [19/Jul/2017:16:31:23 +0800] "POST /external/tlm/bindTVNum?uid=bab17cd0-d2ed-41a6-879e-996389f7cd82&authKey=C6730C3F4FFE447E4862F2E390813F69BA2710A2A662EF0C9EF3C1FE04A0A6BE19E6FE5AED33095923000A2506403558&qid=da19f2f868aa412491d3af79b6cd2d9e HTTP/1.1" 200 124 http-bio-8080-exec-9 44389
192.168.31.166 - - [19/Jul/2017:16:35:56 +0800] "POST /external/tlm/getTeleClinics?uid=bab17cd0-d2ed-41a6-879e-996389f7cd82&authKey=C6730C3F4FFE447E4862F2E390813F69BA2710A2A662EF0C9EF3C1FE04A0A6BE19E6FE5AED33095923000A2506403558&qid=14d6c59eace14c9183097b88382c9bff HTTP/1.1" 200 1900 http-bio-8080-exec-10 53
192.168.31.166 - - [19/Jul/2017:16:36:04 +0800] "POST /external/tlm/getTeleClinics?uid=bab17cd0-d2ed-41a6-879e-996389f7cd82&authKey=C6730C3F4FFE447E4862F2E390813F69BA2710A2A662EF0C9EF3C1FE04A0A6BE19E6FE5AED33095923000A2506403558&qid=3aa2351c1ecf41b3a706871efdc10e48 HTTP/1.1" 200 1900 http-bio-8080-exec-6 38
192.168.31.166 - - [19/Jul/2017:16:36:08 +0800] "POST /external/getLoginQRCode?uid=bab17cd0-d2ed-41a6-879e-996389f7cd82&authKey=C6730C3F4FFE447E4862F2E390813F69BA2710A2A662EF0C9EF3C1FE04A0A6BE19E6FE5AED33095923000A2506403558&qid=179964390e664528805affc46a6e4b97 HTTP/1.1" 200 158 http-bio-8080-exec-7 4
192.168.31.166 - - [19/Jul/2017:16:36:08 +0800] "POST /external/web/loginByQrCode?uid=bab17cd0-d2ed-41a6-879e-996389f7cd82&authKey=C6730C3F4FFE447E4862F2E390813F69BA2710A2A662EF0C9EF3C1FE04A0A6BE19E6FE5AED33095923000A2506403558&qid=de40648db0a64848b2be209cdc338e3c HTTP/1.1" 200 112 http-bio-8080-exec-4 4
192.168.31.166 - - [19/Jul/2017:16:36:11 +0800] "POST /external/web/loginByQrCode?uid=bab17cd0-d2ed-41a6-879e-996389f7cd82&authKey=C6730C3F4FFE447E4862F2E390813F69BA2710A2A662EF0C9EF3C1FE04A0A6BE19E6FE5AED33095923000A2506403558&qid=5b4c1b3a4ae04357913e8c26a616d75f HTTP/1.1" 200 112 http-bio-8080-exec-1 3
192.168.31.166 - - [19/Jul/2017:16:36:14 +0800] "POST /external/web/loginByQrCode?uid=bab17cd0-d2ed-41a6-879e-996389f7cd82&authKey=C6730C3F4FFE447E4862F2E390813F69BA2710A2A662EF0C9EF3C1FE04A0A6BE19E6FE5AED33095923000A2506403558&qid=2564f2ccb7eb4389a4a7984a68a9447f HTTP/1.1" 200 112 http-bio-8080-exec-8 3
192.168.31.166 - - [19/Jul/2017:16:36:17 +0800] "POST /external/web/loginByQrCode?uid=bab17cd0-d2ed-41a6-879e-996389f7cd82&authKey=C6730C3F4FFE447E4862F2E390813F69BA2710A2A662EF0C9EF3C1FE04A0A6BE19E6FE5AED33095923000A2506403558&qid=48bc9174b0704212aa34a655a82c06c7 HTTP/1.1" 200 112 http-bio-8080-exec-2 3
192.168.31.198 - - [19/Jul/2017:16:36:19 +0800] "POST /external/ticket/loginByQrCode?authKey=3D3F37957A417926F794D37461356EA859D3B58A84B83CFE2C5FAB2A0F419591A66C48B3090B08D431365B3031C7EFF3&uid=bb08d0db-b759-43ec-830b-8b10e202e228&qid=7fbce6d9718843f2b856e46c03f8aa35 HTTP/1.1" 200 114 http-bio-8080-exec-3 4
192.168.31.166 - - [19/Jul/2017:16:36:20 +0800] "POST /external/web/loginByQrCode?uid=bab17cd0-d2ed-41a6-879e-996389f7cd82&authKey=C6730C3F4FFE447E4862F2E390813F69BA2710A2A662EF0C9EF3C1FE04A0A6BE19E6FE5AED33095923000A2506403558&qid=fe17b39c65b34e65a6603a501d85cc6c HTTP/1.1" 200 410 http-bio-8080-exec-9 31
192.168.31.166 - - [19/Jul/2017:16:36:20 +0800] "POST /external/ticket/getDoctorInfo?uid=bab17cd0-d2ed-41a6-879e-996389f7cd82&authKey=C6730C3F4FFE447E4862F2E390813F69BA2710A2A662EF0C9EF3C1FE04A0A6BE19E6FE5AED33095923000A2506403558&qid=a030ab6d480042c3b54860af922f0180 HTTP/1.1" 200 466 http-bio-8080-exec-10 52
192.168.31.166 - - [19/Jul/2017:16:36:32 +0800] "POST /external/tlm/bindTVNum?uid=bab17cd0-d2ed-41a6-879e-996389f7cd82&authKey=C6730C3F4FFE447E4862F2E390813F69BA2710A2A662EF0C9EF3C1FE04A0A6BE19E6FE5AED33095923000A2506403558&qid=a417939f971d43db9e4479791a057282 HTTP/1.1" 200 218 http-bio-8080-exec-6 12296
192.168.31.198 - - [19/Jul/2017:16:37:06 +0800] "POST /external/tlm/getTeleClinics?authKey=3D3F37957A417926F794D37461356EA859D3B58A84B83CFE2C5FAB2A0F419591A66C48B3090B08D431365B3031C7EFF3&uid=bb08d0db-b759-43ec-830b-8b10e202e228&qid=7ecdf4cd95424038bf91ce97353e2bd8 HTTP/1.1" 200 1900 http-bio-8080-exec-3 45
192.168.31.198 - - [19/Jul/2017:16:37:21 +0800] "POST /external/tlm/getContactsList?authKey=3D3F37957A417926F794D37461356EA859D3B58A84B83CFE2C5FAB2A0F419591A66C48B3090B08D431365B3031C7EFF3&uid=bb08d0db-b759-43ec-830b-8b10e202e228&qid=aa715d4d97f94cdeb9e70cde79e3edcd HTTP/1.1" 200 1032 http-bio-8080-exec-3 220
192.168.31.166 - - [19/Jul/2017:16:40:20 +0800] "POST /external/tlm/listNews?uid=bab17cd0-d2ed-41a6-879e-996389f7cd82&authKey=C6730C3F4FFE447E4862F2E390813F69BA2710A2A662EF0C9EF3C1FE04A0A6BE19E6FE5AED33095923000A2506403558&qid=afcd8ed0bb3640ca972bd286a1c58c3a HTTP/1.1" 200 194 http-bio-8080-exec-1 227
192.168.31.166 - - [19/Jul/2017:16:40:24 +0800] "POST /external/tlm/listFinished?uid=bab17cd0-d2ed-41a6-879e-996389f7cd82&authKey=C6730C3F4FFE447E4862F2E390813F69BA2710A2A662EF0C9EF3C1FE04A0A6BE19E6FE5AED33095923000A2506403558&qid=128d2d07fcb8484896c00f0534edfc5e HTTP/1.1" 200 202 http-bio-8080-exec-8 6
192.168.31.166 - - [19/Jul/2017:16:40:28 +0800] "POST /external/tlm/listNews?uid=bab17cd0-d2ed-41a6-879e-996389f7cd82&authKey=C6730C3F4FFE447E4862F2E390813F69BA2710A2A662EF0C9EF3C1FE04A0A6BE19E6FE5AED33095923000A2506403558&qid=274d7c867cdf41179b73aa416fba6fea HTTP/1.1" 200 194 http-bio-8080-exec-2 96
192.168.31.166 - - [19/Jul/2017:16:40:33 +0800] "POST /external/tlm/getDoctors?uid=bab17cd0-d2ed-41a6-879e-996389f7cd82&authKey=C6730C3F4FFE447E4862F2E390813F69BA2710A2A662EF0C9EF3C1FE04A0A6BE19E6FE5AED33095923000A2506403558&qid=f18ecc57bc694869880a459ba6d88930 HTTP/1.1" 200 127 http-bio-8080-exec-5 39
192.168.31.166 - - [19/Jul/2017:16:40:36 +0800] "POST /external/tlm/getDoctors?uid=bab17cd0-d2ed-41a6-879e-996389f7cd82&authKey=C6730C3F4FFE447E4862F2E390813F69BA2710A2A662EF0C9EF3C1FE04A0A6BE19E6FE5AED33095923000A2506403558&qid=640156298446416f915afc651f1e233d HTTP/1.1" 200 1297 http-bio-8080-exec-9 154
192.168.31.166 - - [19/Jul/2017:16:40:49 +0800] "POST /external/tlm/listFinished?uid=bab17cd0-d2ed-41a6-879e-996389f7cd82&authKey=C6730C3F4FFE447E4862F2E390813F69BA2710A2A662EF0C9EF3C1FE04A0A6BE19E6FE5AED33095923000A2506403558&qid=e0bdd49368da4cb8b9e7e962d52d42f8 HTTP/1.1" 200 202 http-bio-8080-exec-10 5
192.168.31.166 - - [19/Jul/2017:16:42:33 +0800] "POST /external/tlm/listNews?uid=bab17cd0-d2ed-41a6-879e-996389f7cd82&authKey=C6730C3F4FFE447E4862F2E390813F69BA2710A2A662EF0C9EF3C1FE04A0A6BE19E6FE5AED33095923000A2506403558&qid=e0504bd28bc940d59ccd1d4b58f7c657 HTTP/1.1" 200 202 http-bio-8080-exec-6 4
192.168.31.166 - - [19/Jul/2017:16:42:47 +0800] "POST /external/tlm/listFinished?uid=bab17cd0-d2ed-41a6-879e-996389f7cd82&authKey=C6730C3F4FFE447E4862F2E390813F69BA2710A2A662EF0C9EF3C1FE04A0A6BE19E6FE5AED33095923000A2506403558&qid=9a9b5ab1d3b64bc488deb2b125d7e142 HTTP/1.1" 200 202 http-bio-8080-exec-7 4
192.168.31.166 - - [19/Jul/2017:16:42:53 +0800] "POST /external/tlm/listNews?uid=bab17cd0-d2ed-41a6-879e-996389f7cd82&authKey=C6730C3F4FFE447E4862F2E390813F69BA2710A2A662EF0C9EF3C1FE04A0A6BE19E6FE5AED33095923000A2506403558&qid=2ddf94356f92487e974c1944438b3455 HTTP/1.1" 200 202 http-bio-8080-exec-3 4
192.168.31.198 - - [19/Jul/2017:16:43:45 +0800] "POST /external/tlm/getDoctorInfo?authKey=3D3F37957A417926F794D37461356EA859D3B58A84B83CFE2C5FAB2A0F419591A66C48B3090B08D431365B3031C7EFF3&uid=bb08d0db-b759-43ec-830b-8b10e202e228&qid=5193b0051e9b458a8d4bf984f304bd3e HTTP/1.1" 200 459 http-bio-8080-exec-4 32
192.168.31.198 - - [19/Jul/2017:16:44:24 +0800] "POST /external/tlm/applyConsultation?authKey=3D3F37957A417926F794D37461356EA859D3B58A84B83CFE2C5FAB2A0F419591A66C48B3090B08D431365B3031C7EFF3&uid=bb08d0db-b759-43ec-830b-8b10e202e228&qid=b137aa95ae094e5da031545469ff92d7 HTTP/1.1" 200 212 http-bio-8080-exec-4 1946
192.168.31.198 - - [19/Jul/2017:16:44:32 +0800] "POST /external/tlm/listNews?authKey=3D3F37957A417926F794D37461356EA859D3B58A84B83CFE2C5FAB2A0F419591A66C48B3090B08D431365B3031C7EFF3&uid=bb08d0db-b759-43ec-830b-8b10e202e228&qid=9e90550a5e1a43b2b502bc01774e6c89 HTTP/1.1" 200 192 http-bio-8080-exec-4 81
192.168.31.198 - - [19/Jul/2017:16:45:41 +0800] "POST /external/loginByPwd?authKey=3D3F37957A417926F794D37461356EA859D3B58A84B83CFE2C5FAB2A0F419591A66C48B3090B08D431365B3031C7EFF3&uid=bb08d0db-b759-43ec-830b-8b10e202e228&qid=d576fe52c93c412b9ca9a2f1f66d4896 HTTP/1.1" 200 471 http-bio-8080-exec-5 24194
192.168.31.198 - - [19/Jul/2017:16:45:41 +0800] "POST /external/loginByPwd?authKey=3D3F37957A417926F794D37461356EA859D3B58A84B83CFE2C5FAB2A0F419591A66C48B3090B08D431365B3031C7EFF3&uid=bb08d0db-b759-43ec-830b-8b10e202e228&qid=e86cd0ead3bb471dadce3b8004bbeccc HTTP/1.1" 200 499 http-bio-8080-exec-9 464
192.168.31.198 - - [19/Jul/2017:16:45:44 +0800] "POST /external/loginByPwd?authKey=3D3F37957A417926F794D37461356EA859D3B58A84B83CFE2C5FAB2A0F419591A66C48B3090B08D431365B3031C7EFF3&uid=bb08d0db-b759-43ec-830b-8b10e202e228&qid=4ac60684363d425b9c84321205a31fd0 HTTP/1.1" 200 471 http-bio-8080-exec-9 294
192.168.31.198 - - [19/Jul/2017:16:45:44 +0800] "POST /external/ticket/getDoctorInfo?authKey=3D3F37957A417926F794D37461356EA859D3B58A84B83CFE2C5FAB2A0F419591A66C48B3090B08D431365B3031C7EFF3&uid=bb08d0db-b759-43ec-830b-8b10e202e228&qid=12b231d774844fe7a54302c67744767e HTTP/1.1" 200 466 http-bio-8080-exec-9 42
192.168.31.198 - - [19/Jul/2017:16:45:46 +0800] "POST /external/tlm/listNews?authKey=3D3F37957A417926F794D37461356EA859D3B58A84B83CFE2C5FAB2A0F419591A66C48B3090B08D431365B3031C7EFF3&uid=bb08d0db-b759-43ec-830b-8b10e202e228&qid=d09b8c5a84f64599ae4a4b3fa4aaec7a HTTP/1.1" 200 192 http-bio-8080-exec-9 57
192.168.31.198 - - [19/Jul/2017:16:45:53 +0800] "POST /external/tlm/getContactsList?authKey=3D3F37957A417926F794D37461356EA859D3B58A84B83CFE2C5FAB2A0F419591A66C48B3090B08D431365B3031C7EFF3&uid=bb08d0db-b759-43ec-830b-8b10e202e228&qid=4a635bdcc38a48f49d253abdd4f20432 HTTP/1.1" 200 1032 http-bio-8080-exec-9 131
192.168.31.198 - - [19/Jul/2017:16:45:53 +0800] "POST /external/tlm/getTeleClinics?authKey=3D3F37957A417926F794D37461356EA859D3B58A84B83CFE2C5FAB2A0F419591A66C48B3090B08D431365B3031C7EFF3&uid=bb08d0db-b759-43ec-830b-8b10e202e228&qid=e6b527b6b44a4e3894708e269ed40f8a HTTP/1.1" 200 1900 http-bio-8080-exec-9 39
192.168.31.198 - - [19/Jul/2017:16:45:55 +0800] "POST /external/tlm/getDoctorInfo?authKey=3D3F37957A417926F794D37461356EA859D3B58A84B83CFE2C5FAB2A0F419591A66C48B3090B08D431365B3031C7EFF3&uid=bb08d0db-b759-43ec-830b-8b10e202e228&qid=3e500e99980c4520809508900e0cc132 HTTP/1.1" 200 949 http-bio-8080-exec-9 21
192.168.31.198 - - [19/Jul/2017:16:46:01 +0800] "POST /external/loginByPwd?authKey=3D3F37957A417926F794D37461356EA859D3B58A84B83CFE2C5FAB2A0F419591A66C48B3090B08D431365B3031C7EFF3&uid=bb08d0db-b759-43ec-830b-8b10e202e228&qid=4ac56ac654d24c008fc4f05e8b3e9f57 HTTP/1.1" 200 471 http-bio-8080-exec-9 173
192.168.31.198 - - [19/Jul/2017:16:46:02 +0800] "POST /external/ticket/getDoctorInfo?authKey=3D3F37957A417926F794D37461356EA859D3B58A84B83CFE2C5FAB2A0F419591A66C48B3090B08D431365B3031C7EFF3&uid=bb08d0db-b759-43ec-830b-8b10e202e228&qid=a221d973f6574d8e8cc615497cbbdfed HTTP/1.1" 200 472 http-bio-8080-exec-9 41
192.168.31.198 - - [19/Jul/2017:16:46:04 +0800] "POST /external/tlm/getTeleClinics?authKey=3D3F37957A417926F794D37461356EA859D3B58A84B83CFE2C5FAB2A0F419591A66C48B3090B08D431365B3031C7EFF3&uid=bb08d0db-b759-43ec-830b-8b10e202e228&qid=989c887608444ec281ad56f93c9dc3a3 HTTP/1.1" 200 1900 http-bio-8080-exec-5 41
192.168.31.198 - - [19/Jul/2017:16:46:05 +0800] "POST /external/tlm/listNews?authKey=3D3F37957A417926F794D37461356EA859D3B58A84B83CFE2C5FAB2A0F419591A66C48B3090B08D431365B3031C7EFF3&uid=bb08d0db-b759-43ec-830b-8b10e202e228&qid=f3aafdc880864b4180819d26bb4af972 HTTP/1.1" 200 192 http-bio-8080-exec-5 54
192.168.31.198 - - [19/Jul/2017:16:46:10 +0800] "POST /external/loginByPwd?authKey=3D3F37957A417926F794D37461356EA859D3B58A84B83CFE2C5FAB2A0F419591A66C48B3090B08D431365B3031C7EFF3&uid=bb08d0db-b759-43ec-830b-8b10e202e228&qid=7d8b30ec118e4d61b16fe7ab0a905735 HTTP/1.1" 200 469 http-bio-8080-exec-5 179
192.168.31.198 - - [19/Jul/2017:16:46:10 +0800] "POST /external/ticket/getDoctorInfo?authKey=3D3F37957A417926F794D37461356EA859D3B58A84B83CFE2C5FAB2A0F419591A66C48B3090B08D431365B3031C7EFF3&uid=bb08d0db-b759-43ec-830b-8b10e202e228&qid=e42af30e132143a3aa1ced0ff5a5d179 HTTP/1.1" 200 464 http-bio-8080-exec-5 38
192.168.31.198 - - [19/Jul/2017:16:46:11 +0800] "POST /external/tlm/listNews?authKey=3D3F37957A417926F794D37461356EA859D3B58A84B83CFE2C5FAB2A0F419591A66C48B3090B08D431365B3031C7EFF3&uid=bb08d0db-b759-43ec-830b-8b10e202e228&qid=06f103c177534099988f58802f76ec8f HTTP/1.1" 200 192 http-bio-8080-exec-5 56
192.168.31.198 - - [19/Jul/2017:16:47:30 +0800] "POST /external/tlm/listNews?authKey=3D3F37957A417926F794D37461356EA859D3B58A84B83CFE2C5FAB2A0F419591A66C48B3090B08D431365B3031C7EFF3&uid=bb08d0db-b759-43ec-830b-8b10e202e228&qid=a5ffd4c91e9f4060a9ebba7f04abc5dd HTTP/1.1" 200 569 http-bio-8080-exec-5 44547
192.168.31.198 - - [19/Jul/2017:16:47:33 +0800] "POST /external/tlm/listNews?authKey=3D3F37957A417926F794D37461356EA859D3B58A84B83CFE2C5FAB2A0F419591A66C48B3090B08D431365B3031C7EFF3&uid=bb08d0db-b759-43ec-830b-8b10e202e228&qid=62037ffe656742b49ed3c3c7fa19441d HTTP/1.1" 200 569 http-bio-8080-exec-4 1904
192.168.31.198 - - [19/Jul/2017:16:47:40 +0800] "POST /external/tlm/getConsultationDetail?authKey=3D3F37957A417926F794D37461356EA859D3B58A84B83CFE2C5FAB2A0F419591A66C48B3090B08D431365B3031C7EFF3&uid=bb08d0db-b759-43ec-830b-8b10e202e228&qid=2cb56a42e03b43fbb97845cf610c7393 HTTP/1.1" 200 599 http-bio-8080-exec-4 349
192.168.31.198 - - [19/Jul/2017:16:48:14 +0800] "POST /external/tlm/listNews?authKey=3D3F37957A417926F794D37461356EA859D3B58A84B83CFE2C5FAB2A0F419591A66C48B3090B08D431365B3031C7EFF3&uid=bb08d0db-b759-43ec-830b-8b10e202e228&qid=c0bfafbe1ded49999646bbe4483675d0 HTTP/1.1" 200 569 http-bio-8080-exec-4 22333
192.168.31.198 - - [19/Jul/2017:16:48:14 +0800] "POST /external/tlm/listNews?authKey=3D3F37957A417926F794D37461356EA859D3B58A84B83CFE2C5FAB2A0F419591A66C48B3090B08D431365B3031C7EFF3&uid=bb08d0db-b759-43ec-830b-8b10e202e228&qid=3f27998a23454a39a2e56f99da5da263 HTTP/1.1" 200 569 http-bio-8080-exec-6 1700
192.168.31.198 - - [19/Jul/2017:16:48:55 +0800] "POST /external/tlm/listNews?authKey=3D3F37957A417926F794D37461356EA859D3B58A84B83CFE2C5FAB2A0F419591A66C48B3090B08D431365B3031C7EFF3&uid=bb08d0db-b759-43ec-830b-8b10e202e228&qid=7da6af6c8b4b4e35a3d6acc3a02f20f7 HTTP/1.1" 200 569 http-bio-8080-exec-6 2518
192.168.31.198 - - [19/Jul/2017:16:49:01 +0800] "POST /external/tlm/listNews?authKey=3D3F37957A417926F794D37461356EA859D3B58A84B83CFE2C5FAB2A0F419591A66C48B3090B08D431365B3031C7EFF3&uid=bb08d0db-b759-43ec-830b-8b10e202e228&qid=aeb8cdea6b3f4914b57ed5203e5bf1b1 HTTP/1.1" 200 569 http-bio-8080-exec-6 782
192.168.31.198 - - [19/Jul/2017:16:49:25 +0800] "POST /external/tlm/listNews?authKey=3D3F37957A417926F794D37461356EA859D3B58A84B83CFE2C5FAB2A0F419591A66C48B3090B08D431365B3031C7EFF3&uid=bb08d0db-b759-43ec-830b-8b10e202e228&qid=a434f4550efe4683a4d807822e3db02d HTTP/1.1" 200 569 http-bio-8080-exec-6 1066
192.168.31.198 - - [19/Jul/2017:16:49:53 +0800] "POST /external/tlm/listNews?authKey=3D3F37957A417926F794D37461356EA859D3B58A84B83CFE2C5FAB2A0F419591A66C48B3090B08D431365B3031C7EFF3&uid=bb08d0db-b759-43ec-830b-8b10e202e228&qid=bfa97dbda4014de291515c5438ec57ba HTTP/1.1" 200 569 http-bio-8080-exec-6 1465
192.168.31.198 - - [19/Jul/2017:17:01:19 +0800] "POST /external/tlm/listFinished?authKey=3D3F37957A417926F794D37461356EA859D3B58A84B83CFE2C5FAB2A0F419591A66C48B3090B08D431365B3031C7EFF3&uid=bb08d0db-b759-43ec-830b-8b10e202e228&qid=4980b78583954b778473a2da9f865b0e HTTP/1.1" 200 192 http-bio-8080-exec-1 554
192.168.31.166 - - [19/Jul/2017:17:02:54 +0800] "POST /external/tlm/getTeleClinics?uid=bab17cd0-d2ed-41a6-879e-996389f7cd82&authKey=C6730C3F4FFE447E4862F2E390813F69BA2710A2A662EF0C9EF3C1FE04A0A6BE19E6FE5AED33095923000A2506403558&qid=2dcad02d4fb4435981fd12d752d72d45 HTTP/1.1" 200 1900 http-bio-8080-exec-3 184
192.168.31.166 - - [19/Jul/2017:17:03:01 +0800] "POST /external/tlm/getTeleClinics?uid=bab17cd0-d2ed-41a6-879e-996389f7cd82&authKey=C6730C3F4FFE447E4862F2E390813F69BA2710A2A662EF0C9EF3C1FE04A0A6BE19E6FE5AED33095923000A2506403558&qid=863cdda5b48d49d389c4bf48663410e0 HTTP/1.1" 200 1900 http-bio-8080-exec-5 67
192.168.31.166 - - [19/Jul/2017:17:03:04 +0800] "POST /external/getLoginQRCode?uid=bab17cd0-d2ed-41a6-879e-996389f7cd82&authKey=C6730C3F4FFE447E4862F2E390813F69BA2710A2A662EF0C9EF3C1FE04A0A6BE19E6FE5AED33095923000A2506403558&qid=fd126ba268de48a0878c9aa75db7fc80 HTTP/1.1" 200 158 http-bio-8080-exec-6 11
192.168.31.166 - - [19/Jul/2017:17:03:05 +0800] "POST /external/web/loginByQrCode?uid=bab17cd0-d2ed-41a6-879e-996389f7cd82&authKey=C6730C3F4FFE447E4862F2E390813F69BA2710A2A662EF0C9EF3C1FE04A0A6BE19E6FE5AED33095923000A2506403558&qid=81a83aa6173644dcad6b1027b3e2b598 HTTP/1.1" 200 112 http-bio-8080-exec-7 8
192.168.31.166 - - [19/Jul/2017:17:03:07 +0800] "POST /external/web/loginByQrCode?uid=bab17cd0-d2ed-41a6-879e-996389f7cd82&authKey=C6730C3F4FFE447E4862F2E390813F69BA2710A2A662EF0C9EF3C1FE04A0A6BE19E6FE5AED33095923000A2506403558&qid=106ddb88e9de4bfdaee453651ea1d66e HTTP/1.1" 200 112 http-bio-8080-exec-8 4
192.168.31.166 - - [19/Jul/2017:17:03:10 +0800] "POST /external/web/loginByQrCode?uid=bab17cd0-d2ed-41a6-879e-996389f7cd82&authKey=C6730C3F4FFE447E4862F2E390813F69BA2710A2A662EF0C9EF3C1FE04A0A6BE19E6FE5AED33095923000A2506403558&qid=fb92df0122f842629c4a1d91d54441ba HTTP/1.1" 200 112 http-bio-8080-exec-9 4
192.168.31.166 - - [19/Jul/2017:17:03:13 +0800] "POST /external/web/loginByQrCode?uid=bab17cd0-d2ed-41a6-879e-996389f7cd82&authKey=C6730C3F4FFE447E4862F2E390813F69BA2710A2A662EF0C9EF3C1FE04A0A6BE19E6FE5AED33095923000A2506403558&qid=47622abab92c4760954dfdeb90439192 HTTP/1.1" 200 112 http-bio-8080-exec-10 4
192.168.31.198 - - [19/Jul/2017:17:03:15 +0800] "POST /external/loginByPwd?authKey=3D3F37957A417926F794D37461356EA859D3B58A84B83CFE2C5FAB2A0F419591A66C48B3090B08D431365B3031C7EFF3&uid=bb08d0db-b759-43ec-830b-8b10e202e228&qid=535184e160094fd5a342011a62fa70d7 HTTP/1.1" 200 471 http-bio-8080-exec-1 589
192.168.31.198 - - [19/Jul/2017:17:03:15 +0800] "POST /external/ticket/getDoctorInfo?authKey=3D3F37957A417926F794D37461356EA859D3B58A84B83CFE2C5FAB2A0F419591A66C48B3090B08D431365B3031C7EFF3&uid=bb08d0db-b759-43ec-830b-8b10e202e228&qid=7a0dca0811f24c8c8789f4ce5f431fa1 HTTP/1.1" 200 466 http-bio-8080-exec-1 81
192.168.31.166 - - [19/Jul/2017:17:03:16 +0800] "POST /external/web/loginByQrCode?uid=bab17cd0-d2ed-41a6-879e-996389f7cd82&authKey=C6730C3F4FFE447E4862F2E390813F69BA2710A2A662EF0C9EF3C1FE04A0A6BE19E6FE5AED33095923000A2506403558&qid=d3ce31ee590c4bbb91db447f2896e3bf HTTP/1.1" 200 112 http-bio-8080-exec-4 5
192.168.31.166 - - [19/Jul/2017:17:03:19 +0800] "POST /external/web/loginByQrCode?uid=bab17cd0-d2ed-41a6-879e-996389f7cd82&authKey=C6730C3F4FFE447E4862F2E390813F69BA2710A2A662EF0C9EF3C1FE04A0A6BE19E6FE5AED33095923000A2506403558&qid=69c7247b5f3d4b17846a4499270672ae HTTP/1.1" 200 112 http-bio-8080-exec-5 3
192.168.31.166 - - [19/Jul/2017:17:03:22 +0800] "POST /external/web/loginByQrCode?uid=bab17cd0-d2ed-41a6-879e-996389f7cd82&authKey=C6730C3F4FFE447E4862F2E390813F69BA2710A2A662EF0C9EF3C1FE04A0A6BE19E6FE5AED33095923000A2506403558&qid=e9f98baaca524f11a1a1efce5faaa17b HTTP/1.1" 200 112 http-bio-8080-exec-6 3
192.168.31.166 - - [19/Jul/2017:17:03:25 +0800] "POST /external/web/loginByQrCode?uid=bab17cd0-d2ed-41a6-879e-996389f7cd82&authKey=C6730C3F4FFE447E4862F2E390813F69BA2710A2A662EF0C9EF3C1FE04A0A6BE19E6FE5AED33095923000A2506403558&qid=0970b222f0d04be896d6d82594ac92b9 HTTP/1.1" 200 112 http-bio-8080-exec-7 4
192.168.31.198 - - [19/Jul/2017:17:03:26 +0800] "POST /external/ticket/loginByQrCode?authKey=3D3F37957A417926F794D37461356EA859D3B58A84B83CFE2C5FAB2A0F419591A66C48B3090B08D431365B3031C7EFF3&uid=bb08d0db-b759-43ec-830b-8b10e202e228&qid=696c9a7c01984bc689a6f8ef184e5abd HTTP/1.1" 200 114 http-bio-8080-exec-1 5
192.168.31.166 - - [19/Jul/2017:17:03:28 +0800] "POST /external/web/loginByQrCode?uid=bab17cd0-d2ed-41a6-879e-996389f7cd82&authKey=C6730C3F4FFE447E4862F2E390813F69BA2710A2A662EF0C9EF3C1FE04A0A6BE19E6FE5AED33095923000A2506403558&qid=2929fdf314d4477c946a234928e3ae94 HTTP/1.1" 200 410 http-bio-8080-exec-9 29
192.168.31.166 - - [19/Jul/2017:17:03:29 +0800] "POST /external/ticket/getDoctorInfo?uid=bab17cd0-d2ed-41a6-879e-996389f7cd82&authKey=C6730C3F4FFE447E4862F2E390813F69BA2710A2A662EF0C9EF3C1FE04A0A6BE19E6FE5AED33095923000A2506403558&qid=1c1182bd84644374b70ffc68c986d902 HTTP/1.1" 200 466 http-bio-8080-exec-10 51
192.168.31.166 - - [19/Jul/2017:17:03:29 +0800] "POST /external/tlm/bindTVNum?uid=bab17cd0-d2ed-41a6-879e-996389f7cd82&authKey=C6730C3F4FFE447E4862F2E390813F69BA2710A2A662EF0C9EF3C1FE04A0A6BE19E6FE5AED33095923000A2506403558&qid=2e342cbff20b441d85ce9e5d37769f7f HTTP/1.1" 200 190 http-bio-8080-exec-2 129
192.168.31.166 - - [19/Jul/2017:17:03:40 +0800] "POST /external/tlm/getDoctors?uid=bab17cd0-d2ed-41a6-879e-996389f7cd82&authKey=C6730C3F4FFE447E4862F2E390813F69BA2710A2A662EF0C9EF3C1FE04A0A6BE19E6FE5AED33095923000A2506403558&qid=8d240bd9dd88498fb4d8580024ac412a HTTP/1.1" 200 1043 http-bio-8080-exec-3 113
192.168.31.166 - - [19/Jul/2017:17:03:53 +0800] "POST /external/tlm/getDoctors?uid=bab17cd0-d2ed-41a6-879e-996389f7cd82&authKey=C6730C3F4FFE447E4862F2E390813F69BA2710A2A662EF0C9EF3C1FE04A0A6BE19E6FE5AED33095923000A2506403558&qid=b8ccd4cb44094efbae10c1123bc72daa HTTP/1.1" 200 1043 http-bio-8080-exec-4 102
192.168.31.166 - - [19/Jul/2017:17:03:55 +0800] "POST /external/tlm/getDoctors?uid=bab17cd0-d2ed-41a6-879e-996389f7cd82&authKey=C6730C3F4FFE447E4862F2E390813F69BA2710A2A662EF0C9EF3C1FE04A0A6BE19E6FE5AED33095923000A2506403558&qid=593917e0a9504c898785f410314604d3 HTTP/1.1" 200 127 http-bio-8080-exec-5 28
192.168.31.166 - - [19/Jul/2017:17:04:04 +0800] "POST /external/tlm/getDoctors?uid=bab17cd0-d2ed-41a6-879e-996389f7cd82&authKey=C6730C3F4FFE447E4862F2E390813F69BA2710A2A662EF0C9EF3C1FE04A0A6BE19E6FE5AED33095923000A2506403558&qid=90347f2e5f134a5095d8f228268eb281 HTTP/1.1" 200 1345 http-bio-8080-exec-6 112
192.168.31.166 - - [19/Jul/2017:17:04:43 +0800] "POST /external/tlm/listNews?uid=bab17cd0-d2ed-41a6-879e-996389f7cd82&authKey=C6730C3F4FFE447E4862F2E390813F69BA2710A2A662EF0C9EF3C1FE04A0A6BE19E6FE5AED33095923000A2506403558&qid=937037ea5deb42feb3e9266272502f65 HTTP/1.1" 200 571 http-bio-8080-exec-7 191
192.168.31.166 - - [19/Jul/2017:17:04:50 +0800] "POST /external/tlm/getConsultationDetail?uid=bab17cd0-d2ed-41a6-879e-996389f7cd82&authKey=C6730C3F4FFE447E4862F2E390813F69BA2710A2A662EF0C9EF3C1FE04A0A6BE19E6FE5AED33095923000A2506403558&qid=e126a4d495a4454fa9a05c5ac1e787f1 HTTP/1.1" 200 599 http-bio-8080-exec-8 207
192.168.31.166 - - [19/Jul/2017:17:04:51 +0800] "POST /external/tlm/listNews?uid=bab17cd0-d2ed-41a6-879e-996389f7cd82&authKey=C6730C3F4FFE447E4862F2E390813F69BA2710A2A662EF0C9EF3C1FE04A0A6BE19E6FE5AED33095923000A2506403558&qid=0b5d5078d68c4e1c911fe959ce26e8bd HTTP/1.1" 200 202 http-bio-8080-exec-9 5
192.168.31.198 - - [19/Jul/2017:17:05:59 +0800] "POST /external/tlm/getTeleClinics?authKey=3D3F37957A417926F794D37461356EA859D3B58A84B83CFE2C5FAB2A0F419591A66C48B3090B08D431365B3031C7EFF3&uid=bb08d0db-b759-43ec-830b-8b10e202e228&qid=66cb978342c340c9a4c9a0b5b8152b66 HTTP/1.1" 200 1900 http-bio-8080-exec-10 72
192.168.31.198 - - [19/Jul/2017:17:06:03 +0800] "POST /external/tlm/getContactsList?authKey=3D3F37957A417926F794D37461356EA859D3B58A84B83CFE2C5FAB2A0F419591A66C48B3090B08D431365B3031C7EFF3&uid=bb08d0db-b759-43ec-830b-8b10e202e228&qid=41eef0f1fa9941b0bee63bc03bebc9d7 HTTP/1.1" 200 1032 http-bio-8080-exec-10 203
192.168.31.198 - - [19/Jul/2017:17:06:06 +0800] "POST /external/tlm/getDoctors?authKey=3D3F37957A417926F794D37461356EA859D3B58A84B83CFE2C5FAB2A0F419591A66C48B3090B08D431365B3031C7EFF3&uid=bb08d0db-b759-43ec-830b-8b10e202e228&qid=e98552c2d74147efb462d526c18624a8 HTTP/1.1" 200 1345 http-bio-8080-exec-10 110
192.168.31.166 - - [19/Jul/2017:17:22:50 +0800] "POST /external/tlm/listFinished?uid=bab17cd0-d2ed-41a6-879e-996389f7cd82&authKey=C6730C3F4FFE447E4862F2E390813F69BA2710A2A662EF0C9EF3C1FE04A0A6BE19E6FE5AED33095923000A2506403558&qid=14ea2e28c5ff4ca3a7e7cfda11c363b5 HTTP/1.1" 200 202 http-bio-8080-exec-5 6
192.168.31.166 - - [19/Jul/2017:17:24:05 +0800] "POST /external/tlm/listFinished?uid=bab17cd0-d2ed-41a6-879e-996389f7cd82&authKey=C6730C3F4FFE447E4862F2E390813F69BA2710A2A662EF0C9EF3C1FE04A0A6BE19E6FE5AED33095923000A2506403558&qid=b8e0f17e569042fbb5cd937dbfee9674 HTTP/1.1" 200 202 http-bio-8080-exec-6 4
192.168.31.166 - - [19/Jul/2017:17:30:05 +0800] "POST /external/tlm/getTeleClinics?uid=bab17cd0-d2ed-41a6-879e-996389f7cd82&authKey=C6730C3F4FFE447E4862F2E390813F69BA2710A2A662EF0C9EF3C1FE04A0A6BE19E6FE5AED33095923000A2506403558&qid=5de7c1a1602d4926a00fbbdeea8c726c HTTP/1.1" 200 1900 http-bio-8080-exec-7 75
192.168.31.166 - - [19/Jul/2017:17:30:09 +0800] "POST /external/getLoginQRCode?uid=bab17cd0-d2ed-41a6-879e-996389f7cd82&authKey=C6730C3F4FFE447E4862F2E390813F69BA2710A2A662EF0C9EF3C1FE04A0A6BE19E6FE5AED33095923000A2506403558&qid=809d44204f6746a6ba5e4fee5ec9bc76 HTTP/1.1" 200 158 http-bio-8080-exec-8 5
192.168.31.166 - - [19/Jul/2017:17:30:09 +0800] "POST /external/web/loginByQrCode?uid=bab17cd0-d2ed-41a6-879e-996389f7cd82&authKey=C6730C3F4FFE447E4862F2E390813F69BA2710A2A662EF0C9EF3C1FE04A0A6BE19E6FE5AED33095923000A2506403558&qid=19d6890045544975988c2dc371e3f52b HTTP/1.1" 200 112 http-bio-8080-exec-9 3
192.168.31.166 - - [19/Jul/2017:17:30:12 +0800] "POST /external/web/loginByQrCode?uid=bab17cd0-d2ed-41a6-879e-996389f7cd82&authKey=C6730C3F4FFE447E4862F2E390813F69BA2710A2A662EF0C9EF3C1FE04A0A6BE19E6FE5AED33095923000A2506403558&qid=ce8b7b39fc134bec8ec6bcf305581026 HTTP/1.1" 200 112 http-bio-8080-exec-2 5
192.168.31.166 - - [19/Jul/2017:17:30:15 +0800] "POST /external/web/loginByQrCode?uid=bab17cd0-d2ed-41a6-879e-996389f7cd82&authKey=C6730C3F4FFE447E4862F2E390813F69BA2710A2A662EF0C9EF3C1FE04A0A6BE19E6FE5AED33095923000A2506403558&qid=c13b56e34a0446ca981bbcd4afc36779 HTTP/1.1" 200 112 http-bio-8080-exec-3 3
192.168.31.166 - - [19/Jul/2017:17:30:18 +0800] "POST /external/web/loginByQrCode?uid=bab17cd0-d2ed-41a6-879e-996389f7cd82&authKey=C6730C3F4FFE447E4862F2E390813F69BA2710A2A662EF0C9EF3C1FE04A0A6BE19E6FE5AED33095923000A2506403558&qid=9882895fa7f4487290fbb43f0ea8e04e HTTP/1.1" 200 112 http-bio-8080-exec-4 4
192.168.31.166 - - [19/Jul/2017:17:30:21 +0800] "POST /external/web/loginByQrCode?uid=bab17cd0-d2ed-41a6-879e-996389f7cd82&authKey=C6730C3F4FFE447E4862F2E390813F69BA2710A2A662EF0C9EF3C1FE04A0A6BE19E6FE5AED33095923000A2506403558&qid=a609054ea452427aab8d934b444f1b19 HTTP/1.1" 200 112 http-bio-8080-exec-10 3
192.168.31.198 - - [19/Jul/2017:17:30:22 +0800] "POST /external/ticket/loginByQrCode?authKey=3D3F37957A417926F794D37461356EA859D3B58A84B83CFE2C5FAB2A0F419591A66C48B3090B08D431365B3031C7EFF3&uid=bb08d0db-b759-43ec-830b-8b10e202e228&qid=ef447ce60a5740399837251f95ecc598 HTTP/1.1" 200 114 http-bio-8080-exec-5 3
192.168.31.166 - - [19/Jul/2017:17:30:24 +0800] "POST /external/web/loginByQrCode?uid=bab17cd0-d2ed-41a6-879e-996389f7cd82&authKey=C6730C3F4FFE447E4862F2E390813F69BA2710A2A662EF0C9EF3C1FE04A0A6BE19E6FE5AED33095923000A2506403558&qid=9849633686084e0fbba03407dc6e7c40 HTTP/1.1" 200 410 http-bio-8080-exec-1 36
192.168.31.166 - - [19/Jul/2017:17:30:24 +0800] "POST /external/ticket/getDoctorInfo?uid=bab17cd0-d2ed-41a6-879e-996389f7cd82&authKey=C6730C3F4FFE447E4862F2E390813F69BA2710A2A662EF0C9EF3C1FE04A0A6BE19E6FE5AED33095923000A2506403558&qid=7840793f4fce49ec9dbfeab8d59d764e HTTP/1.1" 200 466 http-bio-8080-exec-7 64
192.168.31.166 - - [19/Jul/2017:17:30:25 +0800] "POST /external/tlm/bindTVNum?uid=bab17cd0-d2ed-41a6-879e-996389f7cd82&authKey=C6730C3F4FFE447E4862F2E390813F69BA2710A2A662EF0C9EF3C1FE04A0A6BE19E6FE5AED33095923000A2506403558&qid=140f183983704e22bfd21deb6b652a63 HTTP/1.1" 200 218 http-bio-8080-exec-8 158
192.168.31.166 - - [19/Jul/2017:17:31:01 +0800] "POST /external/tlm/listFinished?uid=bab17cd0-d2ed-41a6-879e-996389f7cd82&authKey=C6730C3F4FFE447E4862F2E390813F69BA2710A2A662EF0C9EF3C1FE04A0A6BE19E6FE5AED33095923000A2506403558&qid=5e51b6078d7741049346d98efb8a813a HTTP/1.1" 200 202 http-bio-8080-exec-9 4
192.168.31.166 - - [19/Jul/2017:17:32:45 +0800] "POST /external/tlm/getTeleClinics?uid=bab17cd0-d2ed-41a6-879e-996389f7cd82&authKey=C6730C3F4FFE447E4862F2E390813F69BA2710A2A662EF0C9EF3C1FE04A0A6BE19E6FE5AED33095923000A2506403558&qid=a502f8c9e05b491fb27906fd2315a6e9 HTTP/1.1" 200 1900 http-bio-8080-exec-2 829
192.168.31.166 - - [19/Jul/2017:17:32:48 +0800] "POST /external/tlm/getTeleClinics?uid=bab17cd0-d2ed-41a6-879e-996389f7cd82&authKey=C6730C3F4FFE447E4862F2E390813F69BA2710A2A662EF0C9EF3C1FE04A0A6BE19E6FE5AED33095923000A2506403558&qid=b110fbfe6b894a5e9635cdbbb2fcff26 HTTP/1.1" 200 1900 http-bio-8080-exec-3 59
192.168.31.198 - - [19/Jul/2017:17:32:50 +0800] "POST /external/loginByPwd?authKey=3D3F37957A417926F794D37461356EA859D3B58A84B83CFE2C5FAB2A0F419591A66C48B3090B08D431365B3031C7EFF3&uid=bb08d0db-b759-43ec-830b-8b10e202e228&qid=a97d4dc7d00c496bbbae72cd497f5063 HTTP/1.1" 200 471 http-bio-8080-exec-4 554
192.168.31.198 - - [19/Jul/2017:17:32:50 +0800] "POST /external/ticket/getDoctorInfo?authKey=3D3F37957A417926F794D37461356EA859D3B58A84B83CFE2C5FAB2A0F419591A66C48B3090B08D431365B3031C7EFF3&uid=bb08d0db-b759-43ec-830b-8b10e202e228&qid=79d9b78a0be044d780428c7ddbb52cbd HTTP/1.1" 200 466 http-bio-8080-exec-5 80
